Microchip MPLAB XC8 Compiler V1.45 ()

Linker command line:

-W-3 --edf=C:\Program Files (x86)\Microchip\xc8\v1.45\dat\en_msgs.txt -cs \
  -h+dist/default/production\bms_proto2018.X.production.sym \
  --cmf=dist/default/production\bms_proto2018.X.production.cmf -z \
  -Q18F26K80 -oC:\Users\Thomas\AppData\Local\Temp\s9dk.2 \
  -Mdist/default/production/bms_proto2018.X.production.map -E1 -ver=XC8 \
  -ASTACK=06Dh-0e40h -pstack=STACK -ACODE=00h-0FFFFh -ACONST=00h-0FFFFh \
  -ASMALLCONST=0F00h-0FFFhx241 -AMEDIUMCONST=0F00h-0FFFFh -ACOMRAM=01h-05Fh \
  -AABS1=00h-0E40h -ABIGRAM=01h-0E40h \
  -ARAM=060h-0FFh,0100h-01FFhx13,0E00h-0E40h -ABANK0=060h-0FFh \
  -ABANK1=0100h-01FFh -ABANK2=0200h-02FFh -ABANK3=0300h-03FFh \
  -ABANK4=0400h-04FFh -ABANK5=0500h-05FFh -ABANK6=0600h-06FFh \
  -ABANK7=0700h-07FFh -ABANK8=0800h-08FFh -ABANK9=0900h-09FFh \
  -ABANK10=0A00h-0AFFh -ABANK11=0B00h-0BFFh -ABANK12=0C00h-0CFFh \
  -ABANK13=0D00h-0DFFh -ABANK14=0E00h-0E40h \
  -ASFR=0E41h-0EFFh,0F00h-0F5Fh,0F60h-0FFFh \
  -preset_vec=00h,intcode=08h,intcodelo,powerup,init -pramtop=0F00h \
  -psmallconst=SMALLCONST -pmediumconst=MEDIUMCONST -pconst=CONST \
  -AFARRAM=00h-00h -ACONFIG=0300000h-030000Dh -pconfig=CONFIG \
  -AIDLOC=0200000h-0200007h -pidloc=IDLOC -AEEDATA=0F00000h-0F003FFh \
  -peeprom_data=EEDATA \
  -prdata=COMRAM,nvrram=COMRAM,nvbit=COMRAM,rbss=COMRAM,rbit=COMRAM \
  -pfarbss=FARRAM,fardata=FARRAM,nvFARRAM=FARRAM \
  -pintsave_regs=BIGRAM,bigbss=BIGRAM,bigdata=BIGRAM -pbss=RAM \
  -pidata=CODE,irdata=CODE,ibigdata=CODE,ifardata=CODE -prparam=COMRAM \
  C:\Users\Thomas\AppData\Local\Temp\s9dk.obj \
  dist/default/production\bms_proto2018.X.production.obj 

Object code version is 3.11

Machine type is 18F26K80

Call graph: (short form)




                Name                               Link     Load   Length Selector   Space Scale
C:\Users\Thomas\AppData\Local\Temp\s9dk.obj
                init                                 BE       BE        4        4       0
                reset_vec                             0        0        4        0       0
                idloc                            200000   200000        8   200000       0
                config                           300000   300000        E   300000       0
dist/default/production\bms_proto2018.X.production.obj
                intcode                               8        8       B6        4       0
                temp                                 42       42        1        1       1
                smallconst                          F00      F00       22      780       0
                text13                             10C8     10C8       2C      791       0
                text11                             1196     1196        A      791       0
                text10                             118C     118C        A      791       0
                text9                              104E     104E       4C      791       0
                text8                              11A0     11A0        4      791       0
                text7                              116C     116C       12      791       0
                text6                              10F4     10F4       28      791       0
                text5                              111C     111C       24      791       0
                text4                              1156     1156       16      791       0
                text3                               FCC      FCC       82      791       0
                text2                              117E     117E        E      791       0
                text1                              109A     109A       2E      791       0
                text0                               F22      F22       AA      791       0
                cstackCOMRAM                          1        1       25        1       1
                cstackBANK0                          60       60        D       60       1
                bssCOMRAM                            26       26       15        1       1
                cinit                              1140     1140       16      791       0
                nvCOMRAM                             3B       3B        7        1       1

TOTAL           Name                               Link     Load   Length     Space
        CLASS   STACK          

        CLASS   CODE           
                intcode                               8        8       B6         0
                init                                 BE       BE        4         0
                reset_vec                             0        0        4         0
                text13                             10C8     10C8       2C         0
                text11                             1196     1196        A         0
                text10                             118C     118C        A         0
                text9                              104E     104E       4C         0
                text8                              11A0     11A0        4         0
                text7                              116C     116C       12         0
                text6                              10F4     10F4       28         0
                text5                              111C     111C       24         0
                text4                              1156     1156       16         0
                text3                               FCC      FCC       82         0
                text2                              117E     117E        E         0
                text1                              109A     109A       2E         0
                text0                               F22      F22       AA         0
                cinit                              1140     1140       16         0

        CLASS   CONST          

        CLASS   SMALLCONST     
                smallconst                          F00      F00       22         0

        CLASS   MEDIUMCONST    

        CLASS   COMRAM         
                temp                                 42       42        1         1
                cstackCOMRAM                          1        1       25         1
                bssCOMRAM                            26       26       15         1
                nvCOMRAM                             3B       3B        7         1

        CLASS   ABS1           

        CLASS   BIGRAM         

        CLASS   RAM            

        CLASS   BANK0          
                cstackBANK0                          60       60        D         1

        CLASS   BANK1          

        CLASS   BANK2          

        CLASS   BANK3          

        CLASS   BANK4          

        CLASS   BANK5          

        CLASS   BANK6          

        CLASS   BANK7          

        CLASS   BANK8          

        CLASS   BANK9          

        CLASS   BANK10         

        CLASS   BANK11         

        CLASS   BANK12         

        CLASS   BANK13         

        CLASS   BANK14         

        CLASS   SFR            

        CLASS   FARRAM         

        CLASS   CONFIG         
                config                           300000   300000        E         0

        CLASS   IDLOC          
                idloc                            200000   200000        8         0

        CLASS   EEDATA         



SEGMENTS        Name                           Load    Length   Top    Selector   Space  Class

                reset_vec                      000000  000004  000004         0       0  CODE    
                cstackCOMRAM                   000001  000042  000043         1       1  COMRAM  
                intcode                        000008  0000BA  0000C2         4       0  CODE    
                cstackBANK0                    000060  00000D  00006D        60       1  BANK0   
                smallconst                     000F00  000022  000F22       780       0  SMALLCON
                text0                          000F22  000282  0011A4       791       0  CODE    
                idloc                          200000  000008  200008    200000       0  IDLOC   
                config                         300000  00000E  30000E    300000       0  CONFIG  


UNUSED ADDRESS RANGES

        Name                Unused          Largest block    Delta
        BANK0            00006D-0000FF               93
        BANK1            000100-0001FF              100
        BANK10           000A00-000AFF              100
        BANK11           000B00-000BFF              100
        BANK12           000C00-000CFF              100
        BANK13           000D00-000DFF              100
        BANK14           000E00-000E40               41
        BANK2            000200-0002FF              100
        BANK3            000300-0003FF              100
        BANK4            000400-0004FF              100
        BANK5            000500-0005FF              100
        BANK6            000600-0006FF              100
        BANK7            000700-0007FF              100
        BANK8            000800-0008FF              100
        BANK9            000900-0009FF              100
        BIGRAM           000043-00005F               1D
                         00006D-000E40              DD4
        CODE             000004-000007                4
                         0000C2-000EFF              E3E
                         0011A4-00FFFF             EE5C
        COMRAM           000043-00005F               1D
        CONST            000004-000007                4
                         0000C2-000EFF              E3E
                         0011A4-00FFFF             EE5C
        EEDATA           F00000-F003FF              400
        MEDIUMCONST      0011A4-00FFFF             EE5C
        RAM              00006D-000E40              100
        SFR              000E41-000FFF               BF
        SMALLCONST       0011A4-00FFFF              100
        STACK            00006D-000E40              DD4

                                  Symbol Table

?_crc16_ibm                             cstackCOMRAM 000013
EUSART1_SetRxInterruptHandler@handler   cstackCOMRAM 000013
EUSART1_SetTxInterruptHandler@handler   cstackCOMRAM 000013
EUSART1_Write@txData                    cstackCOMRAM 000013
_ANCON0                                 (abs)        000F5D
_ANCON1                                 (abs)        000F5C
_BAUDCON1                               (abs)        000FA7
_EUSART1_Initialize                     text9        00104E
_EUSART1_Receive_ISR                    text13       0010C8
_EUSART1_RxDefaultInterruptHandler      nvCOMRAM     00003B
_EUSART1_SetRxInterruptHandler          text11       001196
_EUSART1_SetTxInterruptHandler          text10       00118C
_EUSART1_Transmit_ISR                   (abs)        000000
_EUSART1_TxDefaultInterruptHandler      nvCOMRAM     00003D
_EUSART1_Write                          text2        00117E
_INTCON2bits                            (abs)        000FF1
_INTCONbits                             (abs)        000FF2
_INTERRUPT_Initialize                   text8        0011A0
_INTERRUPT_InterruptManager             intcode      000008
_LATA                                   (abs)        000F89
_LATB                                   (abs)        000F8A
_LATC                                   (abs)        000F8B
_OSCCON                                 (abs)        000FD3
_OSCCON2                                (abs)        000FD2
_OSCILLATOR_Initialize                  text7        00116C
_OSCTUNE                                (abs)        000F9B
_PIE1bits                               (abs)        000F9D
_PIN_MANAGER_Initialize                 text6        0010F4
_PIR1bits                               (abs)        000F9E
_RCONbits                               (abs)        000FD0
_RCREG1                                 (abs)        000FAE
_RCSTA1                                 (abs)        000FAB
_RCSTA1bits                             (abs)        000FAB
_REFOCON                                (abs)        000F9A
_SPBRG1                                 (abs)        000FAF
_SPBRGH1                                (abs)        000F7D
_SYSTEM_Initialize                      text4        001156
_T0CON                                  (abs)        000FD5
_T0CONbits                              (abs)        000FD5
_TMR0H                                  (abs)        000FD7
_TMR0L                                  (abs)        000FD6
_TMR0_Initialize                        text5        00111C
_TRISA                                  (abs)        000F92
_TRISB                                  (abs)        000F93
_TRISC                                  (abs)        000F94
_TXREG1                                 (abs)        000FAD
_TXSTA1                                 (abs)        000FAC
_TXSTA1bits                             (abs)        000FAC
_WPUB                                   (abs)        000F5B
__CFG_BBSIZ$BB2K                        (abs)        000000
__CFG_BOREN$SBORDIS                     (abs)        000000
__CFG_BORPWR$ZPBORMV                    (abs)        000000
__CFG_BORV$3                            (abs)        000000
__CFG_CANMX$PORTB                       (abs)        000000
__CFG_CP0$OFF                           (abs)        000000
__CFG_CP1$OFF                           (abs)        000000
__CFG_CP2$OFF                           (abs)        000000
__CFG_CP3$OFF                           (abs)        000000
__CFG_CPB$OFF                           (abs)        000000
__CFG_CPD$OFF                           (abs)        000000
__CFG_EBTR0$OFF                         (abs)        000000
__CFG_EBTR1$OFF                         (abs)        000000
__CFG_EBTR2$OFF                         (abs)        000000
__CFG_EBTR3$OFF                         (abs)        000000
__CFG_EBTRB$OFF                         (abs)        000000
__CFG_FCMEN$OFF                         (abs)        000000
__CFG_FOSC$INTIO2                       (abs)        000000
__CFG_IESO$OFF                          (abs)        000000
__CFG_INTOSCSEL$HIGH                    (abs)        000000
__CFG_MCLRE$ON                          (abs)        000000
__CFG_MSSPMSK$MSK7                      (abs)        000000
__CFG_PLLCFG$ON                         (abs)        000000
__CFG_PWRTEN$OFF                        (abs)        000000
__CFG_RETEN$OFF                         (abs)        000000
__CFG_SOSCSEL$DIG                       (abs)        000000
__CFG_STVREN$ON                         (abs)        000000
__CFG_WDTEN$OFF                         (abs)        000000
__CFG_WDTPS$1048576                     (abs)        000000
__CFG_WRT0$OFF                          (abs)        000000
__CFG_WRT1$OFF                          (abs)        000000
__CFG_WRT2$OFF                          (abs)        000000
__CFG_WRT3$OFF                          (abs)        000000
__CFG_WRTB$OFF                          (abs)        000000
__CFG_WRTC$OFF                          (abs)        000000
__CFG_WRTD$OFF                          (abs)        000000
__CFG_XINST$OFF                         (abs)        000000
__HRAM                                  (abs)        000000
__Habs1                                 abs1         000000
__Hbank0                                bank0        000000
__Hbank1                                bank1        000000
__Hbank10                               bank10       000000
__Hbank11                               bank11       000000
__Hbank12                               bank12       000000
__Hbank13                               bank13       000000
__Hbank14                               bank14       000000
__Hbank2                                bank2        000000
__Hbank3                                bank3        000000
__Hbank4                                bank4        000000
__Hbank5                                bank5        000000
__Hbank6                                bank6        000000
__Hbank7                                bank7        000000
__Hbank8                                bank8        000000
__Hbank9                                bank9        000000
__Hbigbss                               bigbss       000000
__Hbigdata                              bigdata      000000
__Hbigram                               bigram       000000
__Hbss                                  bss          000000
__HbssCOMRAM                            bssCOMRAM    000000
__Hcinit                                cinit        000000
__Hclrtext                              clrtext      000000
__Hcomram                               comram       000000
__Hconfig                               config       30000E
__Hconst                                const        000000
__HcstackBANK0                          cstackBANK0  000000
__HcstackCOMRAM                         cstackCOMRAM 000000
__Hdata                                 data         000000
__Heeprom_data                          eeprom_data  000000
__Hfarbss                               farbss       000000
__Hfardata                              fardata      000000
__Hibigdata                             ibigdata     000000
__Hidata                                idata        000000
__Hidloc                                idloc        200008
__Hifardata                             ifardata     000000
__Hinit                                 init         0000C2
__Hintcode                              intcode      0000BE
__Hintcode_body                         intcode_body 000000
__Hintcodelo                            intcodelo    0000BE
__Hintentry                             intentry     000000
__Hintret                               intret       000000
__Hintsave_regs                         intsave_regs 000000
__Hirdata                               irdata       000000
__Hmediumconst                          mediumconst  000000
__HnvCOMRAM                             nvCOMRAM     000000
__HnvFARRAM                             nvFARRAM     000000
__Hnvbit                                nvbit        000000
__Hnvrram                               nvrram       000000
__Hparam                                rparam       000000
__Hpowerup                              powerup      0000BE
__Hram                                  ram          000000
__Hramtop                               ramtop       000F00
__Hrbit                                 rbit         000000
__Hrbss                                 rbss         000000
__Hrdata                                rdata        000000
__Hreset_vec                            reset_vec    000004
__Hrparam                               rparam       000000
__Hsfr                                  sfr          000000
__Hsmallconst                           smallconst   000F22
__Hspace_0                              (abs)        30000E
__Hspace_1                              (abs)        00006D
__Hspace_2                              (abs)        000000
__Hstack                                stack        000000
__Hstruct                               struct       000000
__Htemp                                 temp         000043
__Htext                                 text         000000
__Htext0                                text0        000000
__Htext1                                text1        000000
__Htext10                               text10       000000
__Htext11                               text11       000000
__Htext13                               text13       000000
__Htext14                               text14       000000
__Htext2                                text2        000000
__Htext3                                text3        000000
__Htext4                                text4        000000
__Htext5                                text5        000000
__Htext6                                text6        000000
__Htext7                                text7        000000
__Htext8                                text8        000000
__Htext9                                text9        000000
__LRAM                                  (abs)        000001
__Labs1                                 abs1         000000
__Lbank0                                bank0        000000
__Lbank1                                bank1        000000
__Lbank10                               bank10       000000
__Lbank11                               bank11       000000
__Lbank12                               bank12       000000
__Lbank13                               bank13       000000
__Lbank14                               bank14       000000
__Lbank2                                bank2        000000
__Lbank3                                bank3        000000
__Lbank4                                bank4        000000
__Lbank5                                bank5        000000
__Lbank6                                bank6        000000
__Lbank7                                bank7        000000
__Lbank8                                bank8        000000
__Lbank9                                bank9        000000
__Lbigbss                               bigbss       000000
__Lbigdata                              bigdata      000000
__Lbigram                               bigram       000000
__Lbss                                  bss          000000
__LbssCOMRAM                            bssCOMRAM    000000
__Lcinit                                cinit        000000
__Lclrtext                              clrtext      000000
__Lcomram                               comram       000000
__Lconfig                               config       300000
__Lconst                                const        000000
__LcstackBANK0                          cstackBANK0  000000
__LcstackCOMRAM                         cstackCOMRAM 000000
__Ldata                                 data         000000
__Leeprom_data                          eeprom_data  000000
__Lfarbss                               farbss       000000
__Lfardata                              fardata      000000
__Libigdata                             ibigdata     000000
__Lidata                                idata        000000
__Lidloc                                idloc        200000
__Lifardata                             ifardata     000000
__Linit                                 init         0000BE
__Lintcode                              intcode      000008
__Lintcode_body                         intcode_body 000000
__Lintcodelo                            intcodelo    0000BE
__Lintentry                             intentry     000000
__Lintret                               intret       000000
__Lintsave_regs                         intsave_regs 000000
__Lirdata                               irdata       000000
__Lmediumconst                          mediumconst  000000
__LnvCOMRAM                             nvCOMRAM     000000
__LnvFARRAM                             nvFARRAM     000000
__Lnvbit                                nvbit        000000
__Lnvrram                               nvrram       000000
__Lparam                                rparam       000000
__Lpowerup                              powerup      0000BE
__Lram                                  ram          000000
__Lramtop                               ramtop       000F00
__Lrbit                                 rbit         000000
__Lrbss                                 rbss         000000
__Lrdata                                rdata        000000
__Lreset_vec                            reset_vec    000000
__Lrparam                               rparam       000000
__Lsfr                                  sfr          000000
__Lsmallconst                           smallconst   000F00
__Lspace_0                              (abs)        000000
__Lspace_1                              (abs)        000000
__Lspace_2                              (abs)        000000
__Lstack                                stack        000000
__Lstruct                               struct       000000
__Ltemp                                 temp         000042
__Ltext                                 text         000000
__Ltext0                                text0        000000
__Ltext1                                text1        000000
__Ltext10                               text10       000000
__Ltext11                               text11       000000
__Ltext13                               text13       000000
__Ltext14                               text14       000000
__Ltext2                                text2        000000
__Ltext3                                text3        000000
__Ltext4                                text4        000000
__Ltext5                                text5        000000
__Ltext6                                text6        000000
__Ltext7                                text7        000000
__Ltext8                                text8        000000
__Ltext9                                text9        000000
__S0                                    (abs)        30000E
__S1                                    (abs)        00006D
__S2                                    (abs)        000000
___inthi_sp                             stack        000000
___intlo_sp                             stack        000000
___param_bank                           (abs)        000000
___rparam_used                          (abs)        000001
___sp                                   stack        000000
__accesstop                             (abs)        000060
__activetblptr                          (abs)        000003
__end_of_EUSART1_Initialize             text9        00109A
__end_of_EUSART1_Receive_ISR            text13       0010F4
__end_of_EUSART1_SetRxInterruptHandler  text11       0011A0
__end_of_EUSART1_SetTxInterruptHandler  text10       001196
__end_of_EUSART1_Write                  text2        00118C
__end_of_INTERRUPT_Initialize           text8        0011A4
__end_of_INTERRUPT_InterruptManager     intcode      0000BE
__end_of_OSCILLATOR_Initialize          text7        00117E
__end_of_PIN_MANAGER_Initialize         text6        00111C
__end_of_SYSTEM_Initialize              text4        00116C
__end_of_TMR0_Initialize                text5        001140
__end_of__initialization                cinit        00114C
__end_of_crc16_ibm                      text3        00104E
__end_of_main                           text0        000FCC
__end_of_send_string                    text1        0010C8
__initialization                        cinit        001140
__mediumconst                           mediumconst  000000
__pbssCOMRAM                            bssCOMRAM    000026
__pcinit                                cinit        001140
__pcstackBANK0                          cstackBANK0  000060
__pcstackCOMRAM                         cstackCOMRAM 000001
__pintcode                              intcode      000008
__pnvCOMRAM                             nvCOMRAM     00003B
__psmallconst                           smallconst   000F00
__ptext0                                text0        000F22
__ptext1                                text1        00109A
__ptext10                               text10       00118C
__ptext11                               text11       001196
__ptext13                               text13       0010C8
__ptext14                               text14       000000
__ptext2                                text2        00117E
__ptext3                                text3        000FCC
__ptext4                                text4        001156
__ptext5                                text5        00111C
__ptext6                                text6        0010F4
__ptext7                                text7        00116C
__ptext8                                text8        0011A0
__ptext9                                text9        00104E
__ramtop                                ramtop       000F00
__size_of_EUSART1_Initialize            (abs)        000000
__size_of_EUSART1_Receive_ISR           (abs)        000000
__size_of_EUSART1_SetRxInterruptHandler (abs)        000000
__size_of_EUSART1_SetTxInterruptHandler (abs)        000000
__size_of_EUSART1_Write                 (abs)        000000
__size_of_INTERRUPT_Initialize          (abs)        000000
__size_of_INTERRUPT_InterruptManager    (abs)        000000
__size_of_OSCILLATOR_Initialize         (abs)        000000
__size_of_PIN_MANAGER_Initialize        (abs)        000000
__size_of_SYSTEM_Initialize             (abs)        000000
__size_of_TMR0_Initialize               (abs)        000000
__size_of_crc16_ibm                     (abs)        000000
__size_of_main                          (abs)        000000
__size_of_send_string                   (abs)        000000
__smallconst                            smallconst   000F00
_crc16_ibm                              text3        000FCC
_crc16_ibm$693                          cstackCOMRAM 000019
_eusart1RxBuffer                        bssCOMRAM    000026
_eusart1RxCount                         bssCOMRAM    000036
_eusart1RxHead                          bssCOMRAM    000038
_eusart1RxTail                          bssCOMRAM    000037
_eusart1TxBuffer                        bssCOMRAM    00002E
_eusart1TxBufferRemaining               nvCOMRAM     000041
_eusart1TxHead                          bssCOMRAM    00003A
_eusart1TxTail                          bssCOMRAM    000039
_main                                   text0        000F22
_send_string                            text1        00109A
_timer0ReloadVal                        nvCOMRAM     00003F
btemp                                   temp         000042
crc16_ibm@buf                           cstackCOMRAM 000013
crc16_ibm@crc                           cstackCOMRAM 00001D
crc16_ibm@j                             cstackCOMRAM 00001B
crc16_ibm@len                           cstackCOMRAM 000015
end_of_initialization                   cinit        00114C
int$flags                               temp         000042
intlevel0                               text         000000
intlevel1                               text         000000
intlevel2                               text         000000
intlevel3                               text         000000
main@Txdata                             cstackBANK0  000064
main@baudconfig                         cstackBANK0  000062
main@config                             cstackBANK0  000060
main@counter                            cstackBANK0  000065
main@crc                                cstackBANK0  00006B
main@data                               cstackBANK0  000069
main@i                                  cstackBANK0  000063
main@p_data                             cstackBANK0  000067
main@spbrg                              cstackBANK0  000061
send_string@Txdata                      cstackCOMRAM 000014
stackhi                                 (abs)        000E40
stacklo                                 (abs)        00006D
start                                   init         0000BE
start_initialization                    cinit        001140
wtemp6                                  temp         000043


FUNCTION INFORMATION:

 *************** function _main *****************
 Defined at:
		line 40 in file "bms_proto2018.c"
 Parameters:    Size  Location     Type
  argc            2   30[COMRAM] int 
  argv            3   32[COMRAM] PTR PTR unsigned char 
 Auto vars:     Size  Location     Type
  crc             2   11[BANK0 ] unsigned int 
  data            2    9[BANK0 ] unsigned int 
  p_data          2    7[BANK0 ] PTR unsigned int 
		 -> main@data(2), 
  counter         2    5[BANK0 ] unsigned int 
  Txdata          1    4[BANK0 ] unsigned char 
  i               1    3[BANK0 ] unsigned char 
  baudconfig      1    2[BANK0 ] unsigned char 
  spbrg           1    1[BANK0 ] unsigned char 
  config          1    0[BANK0 ] unsigned char 
 Return value:  Size  Location     Type
                  2   30[COMRAM] int 
 Registers used:
		wreg, fsr2l, fsr2h, status,2, status,0, tblptrl, tblptrh, tblptru, cstack
 Tracked objects:
		On entry : 
		On exit  : 
		Unchanged: 
 Data sizes:     COMRAM   BANK0   BANK1   BANK2   BANK3   BANK4   BANK5   BANK6   BANK7   BANK8   BANK9  BANK10  BANK11  BANK12  BANK13  BANK14
      Params:         5       0       0       0       0       0       0       0       0       0       0       0       0       0       0       0
      Locals:         0      13       0       0       0       0       0       0       0       0       0       0       0       0       0       0
      Temps:          2       0       0       0       0       0       0       0       0       0       0       0       0       0       0       0
      Totals:         7      13       0       0       0       0       0       0       0       0       0       0       0       0       0       0
Total ram usage:       20 bytes
 Hardware stack levels required when called:    5
 This function calls:
		_EUSART1_Write
		_SYSTEM_Initialize
		_crc16_ibm
		_send_string
 This function is called by:
		Startup code after reset
 This function uses a non-reentrant model


 *************** function _send_string *****************
 Defined at:
		line 160 in file "bms_proto2018.c"
 Parameters:    Size  Location     Type
  Txdata          2   19[COMRAM] PTR const unsigned char 
		 -> STR_1(31), 
 Auto vars:     Size  Location     Type
		None
 Return value:  Size  Location     Type
                  1    wreg      void 
 Registers used:
		wreg, status,2, status,0, tblptrl, tblptrh, tblptru, cstack
 Tracked objects:
		On entry : 
		On exit  : 
		Unchanged: 
 Data sizes:     COMRAM   BANK0   BANK1   BANK2   BANK3   BANK4   BANK5   BANK6   BANK7   BANK8   BANK9  BANK10  BANK11  BANK12  BANK13  BANK14
      Params:         2       0       0       0       0       0       0       0       0       0       0       0       0       0       0       0
      Locals:         0       0       0       0       0       0       0       0       0       0       0       0       0       0       0       0
      Temps:          0       0       0       0       0       0       0       0       0       0       0       0       0       0       0       0
      Totals:         2       0       0       0       0       0       0       0       0       0       0       0       0       0       0       0
Total ram usage:        2 bytes
 Hardware stack levels used:    1
 Hardware stack levels required when called:    3
 This function calls:
		_EUSART1_Write
 This function is called by:
		_main
 This function uses a non-reentrant model


 *************** function _EUSART1_Write *****************
 Defined at:
		line 150 in file "mcc_generated_files/eusart1.c"
 Parameters:    Size  Location     Type
  txData          1    wreg     unsigned char 
 Auto vars:     Size  Location     Type
  txData          1   18[COMRAM] unsigned char 
 Return value:  Size  Location     Type
                  1    wreg      void 
 Registers used:
		wreg, status,2
 Tracked objects:
		On entry : 
		On exit  : 
		Unchanged: 
 Data sizes:     COMRAM   BANK0   BANK1   BANK2   BANK3   BANK4   BANK5   BANK6   BANK7   BANK8   BANK9  BANK10  BANK11  BANK12  BANK13  BANK14
      Params:         0       0       0       0       0       0       0       0       0       0       0       0       0       0       0       0
      Locals:         1       0       0       0       0       0       0       0       0       0       0       0       0       0       0       0
      Temps:          0       0       0       0       0       0       0       0       0       0       0       0       0       0       0       0
      Totals:         1       0       0       0       0       0       0       0       0       0       0       0       0       0       0       0
Total ram usage:        1 bytes
 Hardware stack levels used:    1
 Hardware stack levels required when called:    2
 This function calls:
		Nothing
 This function is called by:
		_main
		_send_string
		_AFE_SetAddress
 This function uses a non-reentrant model


 *************** function _crc16_ibm *****************
 Defined at:
		line 93 in file "bms_proto2018.c"
 Parameters:    Size  Location     Type
  buf             2   18[COMRAM] PTR unsigned char 
		 -> main@data(2), 
  len             2   20[COMRAM] unsigned int 
 Auto vars:     Size  Location     Type
  crc             2   28[COMRAM] unsigned int 
  j               2   26[COMRAM] unsigned int 
 Return value:  Size  Location     Type
                  2   18[COMRAM] unsigned int 
 Registers used:
		wreg, fsr2l, fsr2h, status,2, status,0
 Tracked objects:
		On entry : 
		On exit  : 
		Unchanged: 
 Data sizes:     COMRAM   BANK0   BANK1   BANK2   BANK3   BANK4   BANK5   BANK6   BANK7   BANK8   BANK9  BANK10  BANK11  BANK12  BANK13  BANK14
      Params:         4       0       0       0       0       0       0       0       0       0       0       0       0       0       0       0
      Locals:         6       0       0       0       0       0       0       0       0       0       0       0       0       0       0       0
      Temps:          2       0       0       0       0       0       0       0       0       0       0       0       0       0       0       0
      Totals:        12       0       0       0       0       0       0       0       0       0       0       0       0       0       0       0
Total ram usage:       12 bytes
 Hardware stack levels used:    1
 Hardware stack levels required when called:    2
 This function calls:
		Nothing
 This function is called by:
		_main
 This function uses a non-reentrant model


 *************** function _SYSTEM_Initialize *****************
 Defined at:
		line 112 in file "mcc_generated_files/mcc.c"
 Parameters:    Size  Location     Type
		None
 Auto vars:     Size  Location     Type
		None
 Return value:  Size  Location     Type
                  1    wreg      void 
 Registers used:
		wreg, status,2, status,0, cstack
 Tracked objects:
		On entry : 
		On exit  : 
		Unchanged: 
 Data sizes:     COMRAM   BANK0   BANK1   BANK2   BANK3   BANK4   BANK5   BANK6   BANK7   BANK8   BANK9  BANK10  BANK11  BANK12  BANK13  BANK14
      Params:         0       0       0       0       0       0       0       0       0       0       0       0       0       0       0       0
      Locals:         0       0       0       0       0       0       0       0       0       0       0       0       0       0       0       0
      Temps:          0       0       0       0       0       0       0       0       0       0       0       0       0       0       0       0
      Totals:         0       0       0       0       0       0       0       0       0       0       0       0       0       0       0       0
Total ram usage:        0 bytes
 Hardware stack levels used:    1
 Hardware stack levels required when called:    4
 This function calls:
		_EUSART1_Initialize
		_INTERRUPT_Initialize
		_OSCILLATOR_Initialize
		_PIN_MANAGER_Initialize
		_TMR0_Initialize
 This function is called by:
		_main
 This function uses a non-reentrant model


 *************** function _TMR0_Initialize *****************
 Defined at:
		line 65 in file "mcc_generated_files/tmr0.c"
 Parameters:    Size  Location     Type
		None
 Auto vars:     Size  Location     Type
		None
 Return value:  Size  Location     Type
                  1    wreg      void 
 Registers used:
		wreg, status,2, status,0
 Tracked objects:
		On entry : 
		On exit  : 
		Unchanged: 
 Data sizes:     COMRAM   BANK0   BANK1   BANK2   BANK3   BANK4   BANK5   BANK6   BANK7   BANK8   BANK9  BANK10  BANK11  BANK12  BANK13  BANK14
      Params:         0       0       0       0       0       0       0       0       0       0       0       0       0       0       0       0
      Locals:         0       0       0       0       0       0       0       0       0       0       0       0       0       0       0       0
      Temps:          2       0       0       0       0       0       0       0       0       0       0       0       0       0       0       0
      Totals:         2       0       0       0       0       0       0       0       0       0       0       0       0       0       0       0
Total ram usage:        2 bytes
 Hardware stack levels used:    1
 Hardware stack levels required when called:    2
 This function calls:
		Nothing
 This function is called by:
		_SYSTEM_Initialize
 This function uses a non-reentrant model


 *************** function _PIN_MANAGER_Initialize *****************
 Defined at:
		line 52 in file "mcc_generated_files/pin_manager.c"
 Parameters:    Size  Location     Type
		None
 Auto vars:     Size  Location     Type
		None
 Return value:  Size  Location     Type
                  1    wreg      void 
 Registers used:
		wreg, status,2
 Tracked objects:
		On entry : 
		On exit  : 
		Unchanged: 
 Data sizes:     COMRAM   BANK0   BANK1   BANK2   BANK3   BANK4   BANK5   BANK6   BANK7   BANK8   BANK9  BANK10  BANK11  BANK12  BANK13  BANK14
      Params:         0       0       0       0       0       0       0       0       0       0       0       0       0       0       0       0
      Locals:         0       0       0       0       0       0       0       0       0       0       0       0       0       0       0       0
      Temps:          0       0       0       0       0       0       0       0       0       0       0       0       0       0       0       0
      Totals:         0       0       0       0       0       0       0       0       0       0       0       0       0       0       0       0
Total ram usage:        0 bytes
 Hardware stack levels used:    1
 Hardware stack levels required when called:    2
 This function calls:
		Nothing
 This function is called by:
		_SYSTEM_Initialize
 This function uses a non-reentrant model


 *************** function _OSCILLATOR_Initialize *****************
 Defined at:
		line 121 in file "mcc_generated_files/mcc.c"
 Parameters:    Size  Location     Type
		None
 Auto vars:     Size  Location     Type
		None
 Return value:  Size  Location     Type
                  1    wreg      void 
 Registers used:
		wreg, status,2
 Tracked objects:
		On entry : 
		On exit  : 
		Unchanged: 
 Data sizes:     COMRAM   BANK0   BANK1   BANK2   BANK3   BANK4   BANK5   BANK6   BANK7   BANK8   BANK9  BANK10  BANK11  BANK12  BANK13  BANK14
      Params:         0       0       0       0       0       0       0       0       0       0       0       0       0       0       0       0
      Locals:         0       0       0       0       0       0       0       0       0       0       0       0       0       0       0       0
      Temps:          0       0       0       0       0       0       0       0       0       0       0       0       0       0       0       0
      Totals:         0       0       0       0       0       0       0       0       0       0       0       0       0       0       0       0
Total ram usage:        0 bytes
 Hardware stack levels used:    1
 Hardware stack levels required when called:    2
 This function calls:
		Nothing
 This function is called by:
		_SYSTEM_Initialize
 This function uses a non-reentrant model


 *************** function _INTERRUPT_Initialize *****************
 Defined at:
		line 51 in file "mcc_generated_files/interrupt_manager.c"
 Parameters:    Size  Location     Type
		None
 Auto vars:     Size  Location     Type
		None
 Return value:  Size  Location     Type
                  1    wreg      void 
 Registers used:
		None
 Tracked objects:
		On entry : 
		On exit  : 
		Unchanged: 
 Data sizes:     COMRAM   BANK0   BANK1   BANK2   BANK3   BANK4   BANK5   BANK6   BANK7   BANK8   BANK9  BANK10  BANK11  BANK12  BANK13  BANK14
      Params:         0       0       0       0       0       0       0       0       0       0       0       0       0       0       0       0
      Locals:         0       0       0       0       0       0       0       0       0       0       0       0       0       0       0       0
      Temps:          0       0       0       0       0       0       0       0       0       0       0       0       0       0       0       0
      Totals:         0       0       0       0       0       0       0       0       0       0       0       0       0       0       0       0
Total ram usage:        0 bytes
 Hardware stack levels used:    1
 Hardware stack levels required when called:    2
 This function calls:
		Nothing
 This function is called by:
		_SYSTEM_Initialize
 This function uses a non-reentrant model


 *************** function _EUSART1_Initialize *****************
 Defined at:
		line 75 in file "mcc_generated_files/eusart1.c"
 Parameters:    Size  Location     Type
		None
 Auto vars:     Size  Location     Type
		None
 Return value:  Size  Location     Type
                  1    wreg      void 
 Registers used:
		wreg, status,2, status,0, cstack
 Tracked objects:
		On entry : 
		On exit  : 
		Unchanged: 
 Data sizes:     COMRAM   BANK0   BANK1   BANK2   BANK3   BANK4   BANK5   BANK6   BANK7   BANK8   BANK9  BANK10  BANK11  BANK12  BANK13  BANK14
      Params:         0       0       0       0       0       0       0       0       0       0       0       0       0       0       0       0
      Locals:         0       0       0       0       0       0       0       0       0       0       0       0       0       0       0       0
      Temps:          0       0       0       0       0       0       0       0       0       0       0       0       0       0       0       0
      Totals:         0       0       0       0       0       0       0       0       0       0       0       0       0       0       0       0
Total ram usage:        0 bytes
 Hardware stack levels used:    1
 Hardware stack levels required when called:    3
 This function calls:
		_EUSART1_SetRxInterruptHandler
		_EUSART1_SetTxInterruptHandler
 This function is called by:
		_SYSTEM_Initialize
 This function uses a non-reentrant model


 *************** function _EUSART1_SetTxInterruptHandler *****************
 Defined at:
		line 213 in file "mcc_generated_files/eusart1.c"
 Parameters:    Size  Location     Type
  handler         2   18[COMRAM] PTR void 
		 -> EUSART1_Transmit_ISR(1), 
 Auto vars:     Size  Location     Type
		None
 Return value:  Size  Location     Type
                  1    wreg      void 
 Registers used:
		wreg, status,2, status,0
 Tracked objects:
		On entry : 
		On exit  : 
		Unchanged: 
 Data sizes:     COMRAM   BANK0   BANK1   BANK2   BANK3   BANK4   BANK5   BANK6   BANK7   BANK8   BANK9  BANK10  BANK11  BANK12  BANK13  BANK14
      Params:         2       0       0       0       0       0       0       0       0       0       0       0       0       0       0       0
      Locals:         0       0       0       0       0       0       0       0       0       0       0       0       0       0       0       0
      Temps:          0       0       0       0       0       0       0       0       0       0       0       0       0       0       0       0
      Totals:         2       0       0       0       0       0       0       0       0       0       0       0       0       0       0       0
Total ram usage:        2 bytes
 Hardware stack levels used:    1
 Hardware stack levels required when called:    2
 This function calls:
		Nothing
 This function is called by:
		_EUSART1_Initialize
 This function uses a non-reentrant model


 *************** function _EUSART1_SetRxInterruptHandler *****************
 Defined at:
		line 217 in file "mcc_generated_files/eusart1.c"
 Parameters:    Size  Location     Type
  handler         2   18[COMRAM] PTR void 
		 -> EUSART1_Receive_ISR(1), 
 Auto vars:     Size  Location     Type
		None
 Return value:  Size  Location     Type
                  1    wreg      void 
 Registers used:
		wreg, status,2, status,0
 Tracked objects:
		On entry : 
		On exit  : 
		Unchanged: 
 Data sizes:     COMRAM   BANK0   BANK1   BANK2   BANK3   BANK4   BANK5   BANK6   BANK7   BANK8   BANK9  BANK10  BANK11  BANK12  BANK13  BANK14
      Params:         2       0       0       0       0       0       0       0       0       0       0       0       0       0       0       0
      Locals:         0       0       0       0       0       0       0       0       0       0       0       0       0       0       0       0
      Temps:          0       0       0       0       0       0       0       0       0       0       0       0       0       0       0       0
      Totals:         2       0       0       0       0       0       0       0       0       0       0       0       0       0       0       0
Total ram usage:        2 bytes
 Hardware stack levels used:    1
 Hardware stack levels required when called:    2
 This function calls:
		Nothing
 This function is called by:
		_EUSART1_Initialize
 This function uses a non-reentrant model


 *************** function _INTERRUPT_InterruptManager *****************
 Defined at:
		line 57 in file "mcc_generated_files/interrupt_manager.c"
 Parameters:    Size  Location     Type
		None
 Auto vars:     Size  Location     Type
		None
 Return value:  Size  Location     Type
                  1    wreg      void 
 Registers used:
		wreg, fsr2l, fsr2h, status,2, status,0, pclath, tosl, prodl, prodh, cstack
 Tracked objects:
		On entry : 
		On exit  : 
		Unchanged: 
 Data sizes:     COMRAM   BANK0   BANK1   BANK2   BANK3   BANK4   BANK5   BANK6   BANK7   BANK8   BANK9  BANK10  BANK11  BANK12  BANK13  BANK14
      Params:         0       0       0       0       0       0       0       0       0       0       0       0       0       0       0       0
      Locals:         0       0       0       0       0       0       0       0       0       0       0       0       0       0       0       0
      Temps:         18       0       0       0       0       0       0       0       0       0       0       0       0       0       0       0
      Totals:        18       0       0       0       0       0       0       0       0       0       0       0       0       0       0       0
Total ram usage:       18 bytes
 Hardware stack levels used:    1
 Hardware stack levels required when called:    1
 This function calls:
		Absolute function
		_EUSART1_Receive_ISR
 This function is called by:
		Interrupt level 2
 This function uses a non-reentrant model


 *************** function _EUSART1_Receive_ISR *****************
 Defined at:
		line 193 in file "mcc_generated_files/eusart1.c"
 Parameters:    Size  Location     Type
		None
 Auto vars:     Size  Location     Type
		None
 Return value:  Size  Location     Type
                  1    wreg      void 
 Registers used:
		wreg, fsr2l, fsr2h, status,2, status,0, prodl, prodh
 Tracked objects:
		On entry : 
		On exit  : 
		Unchanged: 
 Data sizes:     COMRAM   BANK0   BANK1   BANK2   BANK3   BANK4   BANK5   BANK6   BANK7   BANK8   BANK9  BANK10  BANK11  BANK12  BANK13  BANK14
      Params:         0       0       0       0       0       0       0       0       0       0       0       0       0       0       0       0
      Locals:         0       0       0       0       0       0       0       0       0       0       0       0       0       0       0       0
      Temps:          0       0       0       0       0       0       0       0       0       0       0       0       0       0       0       0
      Totals:         0       0       0       0       0       0       0       0       0       0       0       0       0       0       0       0
Total ram usage:        0 bytes
 Hardware stack levels used:    1
 This function calls:
		Nothing
 This function is called by:
		_EUSART1_Initialize
		_INTERRUPT_InterruptManager
 This function uses a non-reentrant model



MODULE INFORMATION

Module		Function		Class		Link	Load	Size
mcc_generated_files/interrupt_manager.c
		_INTERRUPT_Initialize		CODE           	11A0	0000	5
		_INTERRUPT_InterruptManager		CODE           	0008	0000	183

mcc_generated_files/interrupt_manager.c estimated size: 188

mcc_generated_files/tmr0.c
		_TMR0_Initialize		CODE           	111C	0000	37

mcc_generated_files/tmr0.c estimated size: 37

mcc_generated_files/pin_manager.c
		_PIN_MANAGER_Initialize		CODE           	10F4	0000	41

mcc_generated_files/pin_manager.c estimated size: 41

shared
		__initialization		CODE           	1140	0000	13

shared estimated size: 13

mcc_generated_files/eusart1.c
		_EUSART1_SetRxInterruptHandler		CODE           	1196	0000	11
		_EUSART1_SetTxInterruptHandler		CODE           	118C	0000	11
		_EUSART1_Initialize		CODE           	104E	0000	77
		_EUSART1_Write 		CODE           	117E	0000	15
		_EUSART1_Receive_ISR		CODE           	10C8	0000	45

mcc_generated_files/eusart1.c estimated size: 159

mcc_generated_files/mcc.c
		_OSCILLATOR_Initialize		CODE           	116C	0000	19
		_SYSTEM_Initialize		CODE           	1156	0000	23

mcc_generated_files/mcc.c estimated size: 42

bms_proto2018.c
		_crc16_ibm     		CODE           	0FCC	0000	131
		_main          		CODE           	0F22	0000	171
		_send_string   		CODE           	109A	0000	47

bms_proto2018.c estimated size: 349

