Microchip MPLAB XC8 Compiler V1.45 ()

Linker command line:

-W-3 --edf=/opt/microchip/xc8/v1.45/dat/en_msgs.txt -cs \
  -h+dist/default/production/Solar_Car_GPS.X.production.sym \
  --cmf=dist/default/production/Solar_Car_GPS.X.production.cmf -z \
  -Q18F26K80 -o/tmp/xcXDOkMMD \
  -Mdist/default/production/Solar_Car_GPS.X.production.map -E1 -ver=XC8 \
  -ASTACK=0183h-0e40h -pstack=STACK -ACODE=00h-0FFFFh -ACONST=00h-0FFFFh \
  -ASMALLCONST=0F00h-0FFFhx241 -AMEDIUMCONST=0F00h-0FFFFh -ACOMRAM=01h-05Fh \
  -AABS1=00h-0E40h -ABIGRAM=01h-0E40h \
  -ARAM=060h-0FFh,0100h-01FFhx13,0E00h-0E40h -ABANK0=060h-0FFh \
  -ABANK1=0100h-01FFh -ABANK2=0200h-02FFh -ABANK3=0300h-03FFh \
  -ABANK4=0400h-04FFh -ABANK5=0500h-05FFh -ABANK6=0600h-06FFh \
  -ABANK7=0700h-07FFh -ABANK8=0800h-08FFh -ABANK9=0900h-09FFh \
  -ABANK10=0A00h-0AFFh -ABANK11=0B00h-0BFFh -ABANK12=0C00h-0CFFh \
  -ABANK13=0D00h-0DFFh -ABANK14=0E00h-0E40h \
  -ASFR=0E41h-0EFFh,0F00h-0F5Fh,0F60h-0FFFh \
  -preset_vec=00h,intcode=08h,intcodelo,powerup,init -pramtop=0F00h \
  -psmallconst=SMALLCONST -pmediumconst=MEDIUMCONST -pconst=CONST \
  -AFARRAM=00h-00h -ACONFIG=0300000h-030000Dh -pconfig=CONFIG \
  -AIDLOC=0200000h-0200007h -pidloc=IDLOC -AEEDATA=0F00000h-0F003FFh \
  -peeprom_data=EEDATA \
  -prdata=COMRAM,nvrram=COMRAM,nvbit=COMRAM,rbss=COMRAM,rbit=COMRAM \
  -pfarbss=FARRAM,fardata=FARRAM,nvFARRAM=FARRAM \
  -pintsave_regs=BIGRAM,bigbss=BIGRAM,bigdata=BIGRAM -pbss=RAM \
  -pidata=CODE,irdata=CODE,ibigdata=CODE,ifardata=CODE -prparam=COMRAM \
  /tmp/xcXpkVkbB.obj dist/default/production/Solar_Car_GPS.X.production.obj 

Object code version is 3.11

Machine type is 18F26K80

Call graph: (short form)




                Name                               Link     Load   Length Selector   Space Scale
/tmp/xcXpkVkbB.obj
                init                                 D0       D0        4        4       0
                reset_vec                             0        0        4        0       0
                idloc                            200000   200000        8   200000       0
                config                           300000   300000        E   300000       0
dist/default/production/Solar_Car_GPS.X.production.obj
                intcode                               8        8       C8        4       0
                temp                                 4C       4C        1        1       1
                smallconst                          F00      F00        A      780       0
                text41                             2AA2     2AA2        4     1536       0
                text40                             28C0     28C0       2C      785       0
                text39                             2866     2866       2E      785       0
                text38                             2AA6     2AA6        2     1536       0
                text37                             29D2     29D2       24      785       0
                text35                             1EB6     1EB6      19E      785       0
                text34                             17E4     17E4      2FE      785       0
                text33                             2832     2832       34      785       0
                text32                             2A9E     2A9E        4     1536       0
                text31                             2A82     2A82       12     1536       0
                text30                             293C     293C       28      785       0
                text29                             2A94     2A94        A     1536       0
                text28                             29F6     29F6       22      785       0
                text27                             2A6C     2A6C       16     1536       0
                text26                             2322     2322       AE      785       0
                text25                             2460     2460       78      785       0
                text24                             223C     223C       E6      785       0
                text23                             23D0     23D0       90      785       0
                text22                             2148     2148       F4      785       0
                text21                             29AE     29AE       24      785       0
                text20                             2688     2688       56      785       0
                text19                             2A36     2A36       1E      785       0
                text18                             2964     2964       26      785       0
                text17                             13FC     13FC      3E8      785       0
                text16                             298A     298A       24      785       0
                text15                             272E     272E       44      785       0
                text14                             27F4     27F4       3E      785       0
                text13                             1D0A     1D0A      1AC      785       0
                text12                             2054     2054       F4      785       0
                text11                             24D8     24D8       76      785       0
                text10                             1AE2     1AE2      228      785       0
                text9                              254E     254E       70      785       0
                text8                              26DE     26DE       50      785       0
                text7                              27B4     27B4       40      785       0
                text6                              2628     2628       60      785       0
                text5                              2A18     2A18       1E      785       0
                text4                              2914     2914       28      785       0
                text3                              28EC     28EC       28      785       0
                text2                              2894     2894       2C      785       0
                text1                              25BE     25BE       6A      785       0
                text0                               F0A      F0A      4F2      785       0
                cstackCOMRAM                          1        1       3A        1       1
                cstackBANK0                          60       60       40       60       1
                cstackBANK1                         100      100       83      100       1
                dataBANK0                            A0       A0       17       60       1
                bssBANK0                             B7       B7        8       60       1
                bssCOMRAM                            3B       3B        D        1       1
                cinit                              2772     2772       42      785       0
                nvCOMRAM                             48       48        4        1       1
                idataBANK0                         2A54     2A54       17      785       0

TOTAL           Name                               Link     Load   Length     Space
        CLASS   STACK          

        CLASS   CODE           
                intcode                               8        8       C8         0
                init                                 D0       D0        4         0
                reset_vec                             0        0        4         0
                text41                             2AA2     2AA2        4         0
                text40                             28C0     28C0       2C         0
                text39                             2866     2866       2E         0
                text38                             2AA6     2AA6        2         0
                text37                             29D2     29D2       24         0
                text35                             1EB6     1EB6      19E         0
                text34                             17E4     17E4      2FE         0
                text33                             2832     2832       34         0
                text32                             2A9E     2A9E        4         0
                text31                             2A82     2A82       12         0
                text30                             293C     293C       28         0
                text29                             2A94     2A94        A         0
                text28                             29F6     29F6       22         0
                text27                             2A6C     2A6C       16         0
                text26                             2322     2322       AE         0
                text25                             2460     2460       78         0
                text24                             223C     223C       E6         0
                text23                             23D0     23D0       90         0
                text22                             2148     2148       F4         0
                text21                             29AE     29AE       24         0
                text20                             2688     2688       56         0
                text19                             2A36     2A36       1E         0
                text18                             2964     2964       26         0
                text17                             13FC     13FC      3E8         0
                text16                             298A     298A       24         0
                text15                             272E     272E       44         0
                text14                             27F4     27F4       3E         0
                text13                             1D0A     1D0A      1AC         0
                text12                             2054     2054       F4         0
                text11                             24D8     24D8       76         0
                text10                             1AE2     1AE2      228         0
                text9                              254E     254E       70         0
                text8                              26DE     26DE       50         0
                text7                              27B4     27B4       40         0
                text6                              2628     2628       60         0
                text5                              2A18     2A18       1E         0
                text4                              2914     2914       28         0
                text3                              28EC     28EC       28         0
                text2                              2894     2894       2C         0
                text1                              25BE     25BE       6A         0
                text0                               F0A      F0A      4F2         0
                cinit                              2772     2772       42         0
                idataBANK0                         2A54     2A54       17         0

        CLASS   CONST          

        CLASS   SMALLCONST     
                smallconst                          F00      F00        A         0

        CLASS   MEDIUMCONST    

        CLASS   COMRAM         
                temp                                 4C       4C        1         1
                cstackCOMRAM                          1        1       3A         1
                bssCOMRAM                            3B       3B        D         1
                nvCOMRAM                             48       48        4         1

        CLASS   ABS1           

        CLASS   BIGRAM         

        CLASS   RAM            

        CLASS   BANK0          
                cstackBANK0                          60       60       40         1
                dataBANK0                            A0       A0       17         1
                bssBANK0                             B7       B7        8         1

        CLASS   BANK1          
                cstackBANK1                         100      100       83         1

        CLASS   BANK2          

        CLASS   BANK3          

        CLASS   BANK4          

        CLASS   BANK5          

        CLASS   BANK6          

        CLASS   BANK7          

        CLASS   BANK8          

        CLASS   BANK9          

        CLASS   BANK10         

        CLASS   BANK11         

        CLASS   BANK12         

        CLASS   BANK13         

        CLASS   BANK14         

        CLASS   SFR            

        CLASS   FARRAM         

        CLASS   CONFIG         
                config                           300000   300000        E         0

        CLASS   IDLOC          
                idloc                            200000   200000        8         0

        CLASS   EEDATA         



SEGMENTS        Name                           Load    Length   Top    Selector   Space  Class

                reset_vec                      000000  000004  000004         0       0  CODE    
                cstackCOMRAM                   000001  00004C  00004D         1       1  COMRAM  
                intcode                        000008  0000CC  0000D4         4       0  CODE    
                cstackBANK0                    000060  00005F  0000BF        60       1  BANK0   
                cstackBANK1                    000100  000083  000183       100       1  BANK1   
                smallconst                     000F00  00000A  000F0A       780       0  SMALLCON
                text0                          000F0A  001B61  002A6B       785       0  CODE    
                text27                         002A6C  00003C  002AA8      1536       0  CODE    
                idloc                          200000  000008  200008    200000       0  IDLOC   
                config                         300000  00000E  30000E    300000       0  CONFIG  


UNUSED ADDRESS RANGES

        Name                Unused          Largest block    Delta
        BANK0            0000BF-0000FF               41
        BANK1            000183-0001FF               7D
        BANK10           000A00-000AFF              100
        BANK11           000B00-000BFF              100
        BANK12           000C00-000CFF              100
        BANK13           000D00-000DFF              100
        BANK14           000E00-000E40               41
        BANK2            000200-0002FF              100
        BANK3            000300-0003FF              100
        BANK4            000400-0004FF              100
        BANK5            000500-0005FF              100
        BANK6            000600-0006FF              100
        BANK7            000700-0007FF              100
        BANK8            000800-0008FF              100
        BANK9            000900-0009FF              100
        BIGRAM           00004D-00005F               13
                         0000BF-0000FF               41
                         000183-000E40              CBE
        CODE             000004-000007                4
                         0000D4-000EFF              E2C
                         002A6B-002A6B                1
                         002AA8-00FFFF             D558
        COMRAM           00004D-00005F               13
        CONST            000004-000007                4
                         0000D4-000EFF              E2C
                         002A6B-002A6B                1
                         002AA8-00FFFF             D558
        EEDATA           F00000-F003FF              400
        MEDIUMCONST      002A6B-002A6B                1
                         002AA8-00FFFF             D558
        RAM              0000BF-0000FF               41
                         000183-000E40              100
        SFR              000E41-000FFF               BF
        SMALLCONST       002A6B-002A6B                1
                         002AA8-00FFFF              100
        STACK            000183-000E40              CBE

                                  Symbol Table

?___altoft                                cstackCOMRAM 00001B
?___attoft                                cstackCOMRAM 000022
?___ftadd                                 cstackCOMRAM 00001B
?___ftdiv                                 cstackCOMRAM 00002A
?___ftmul                                 cstackCOMRAM 00001B
?___ftneg                                 cstackCOMRAM 000013
?___ftpack                                cstackCOMRAM 000013
?___fttol                                 cstackCOMRAM 000013
?___lmul                                  cstackCOMRAM 000013
?_atof                                    cstackBANK0  00006B
?_cvtGPStoDecimal                         cstackBANK0  00006E
?_modf                                    cstackCOMRAM 000027
?_strcmp                                  cstackCOMRAM 000021
?_strlen                                  cstackCOMRAM 000013
?_strtod                                  cstackBANK0  000060
CAN_transmit@returnValue                  cstackCOMRAM 000027
CAN_transmit@tempCanMsg                   cstackCOMRAM 000025
CAN_transmit@tempEIDH                     cstackCOMRAM 000028
CAN_transmit@tempEIDL                     cstackCOMRAM 000029
CAN_transmit@tempSIDH                     cstackCOMRAM 00002A
CAN_transmit@tempSIDL                     cstackCOMRAM 00002B
EUSART1_Read@readValue                    cstackCOMRAM 000015
EUSART1_Read@timeOutCount                 cstackCOMRAM 000013
TMR0_SetInterruptHandler@InterruptHandler cstackCOMRAM 000013
_ANCON0                                   (abs)        000F5D
_ANCON1                                   (abs)        000F5C
_BAUDCON1                                 (abs)        000FA7
_BRGCON1                                  (abs)        000E43
_BRGCON2                                  (abs)        000E44
_BRGCON3                                  (abs)        000E45
_CANCON                                   (abs)        000F6F
_CANSTAT                                  (abs)        000F6E
_CAN_transmit                             text34       0017E4
_COMSTATbits                              (abs)        000F71
_ECANCON                                  (abs)        000F72
_ECAN_ISR_ECAN_TXB0I                      text41       002AA2
_EUSART1_Initialize                       text33       002832
_EUSART1_Read                             text8        0026DE
_EUSART1_Receive_ISR                      text40       0028C0
_EUSART1_Transmit_ISR                     text39       002866
_INTCON2bits                              (abs)        000FF1
_INTCONbits                               (abs)        000FF2
_INTERRUPT_Initialize                     text32       002A9E
_INTERRUPT_InterruptManager               intcode      000008
_LATA                                     (abs)        000F89
_LATB                                     (abs)        000F8A
_LATC                                     (abs)        000F8B
_OSCCON                                   (abs)        000FD3
_OSCCON2                                  (abs)        000FD2
_OSCILLATOR_Initialize                    text31       002A82
_OSCTUNE                                  (abs)        000F9B
_PIE1bits                                 (abs)        000F9D
_PIE5bits                                 (abs)        000F76
_PIN_MANAGER_Initialize                   text30       00293C
_PIR1bits                                 (abs)        000F9E
_PIR5bits                                 (abs)        000F77
_RCONbits                                 (abs)        000FD0
_RCREG1                                   (abs)        000FAE
_RCSTA1                                   (abs)        000FAB
_RCSTA1bits                               (abs)        000FAB
_REFOCON                                  (abs)        000F9A
_RXB0CONbits                              (abs)        000F60
_RXB0D0                                   (abs)        000F66
_RXB0D1                                   (abs)        000F67
_RXB0D2                                   (abs)        000F68
_RXB0D3                                   (abs)        000F69
_RXB0D4                                   (abs)        000F6A
_RXB0D5                                   (abs)        000F6B
_RXB0D6                                   (abs)        000F6C
_RXB0D7                                   (abs)        000F6D
_RXB0DLC                                  (abs)        000F65
_RXB0EIDH                                 (abs)        000F63
_RXB0EIDL                                 (abs)        000F64
_RXB0SIDH                                 (abs)        000F61
_RXB0SIDL                                 (abs)        000F62
_RXB1CONbits                              (abs)        000F30
_RXB1D0                                   (abs)        000F36
_RXB1D1                                   (abs)        000F37
_RXB1D2                                   (abs)        000F38
_RXB1D3                                   (abs)        000F39
_RXB1D4                                   (abs)        000F3A
_RXB1D5                                   (abs)        000F3B
_RXB1D6                                   (abs)        000F3C
_RXB1D7                                   (abs)        000F3D
_RXB1DLC                                  (abs)        000F35
_RXB1EIDH                                 (abs)        000F33
_RXB1EIDL                                 (abs)        000F34
_RXB1SIDH                                 (abs)        000F31
_RXB1SIDL                                 (abs)        000F32
_RXF0EIDH                                 (abs)        000EE2
_RXF0EIDL                                 (abs)        000EE3
_RXF0SIDH                                 (abs)        000EE0
_RXF0SIDL                                 (abs)        000EE1
_RXF1EIDH                                 (abs)        000EE6
_RXF1EIDL                                 (abs)        000EE7
_RXF1SIDH                                 (abs)        000EE4
_RXF1SIDL                                 (abs)        000EE5
_RXF2EIDH                                 (abs)        000EEA
_RXF2EIDL                                 (abs)        000EEB
_RXF2SIDH                                 (abs)        000EE8
_RXF2SIDL                                 (abs)        000EE9
_RXF3EIDH                                 (abs)        000EEE
_RXF3EIDL                                 (abs)        000EEF
_RXF3SIDH                                 (abs)        000EEC
_RXF3SIDL                                 (abs)        000EED
_RXF4EIDH                                 (abs)        000EF2
_RXF4EIDL                                 (abs)        000EF3
_RXF4SIDH                                 (abs)        000EF0
_RXF4SIDL                                 (abs)        000EF1
_RXF5EIDH                                 (abs)        000EF6
_RXF5EIDL                                 (abs)        000EF7
_RXF5SIDH                                 (abs)        000EF4
_RXF5SIDL                                 (abs)        000EF5
_RXM0EIDH                                 (abs)        000EFA
_RXM0EIDL                                 (abs)        000EFB
_RXM0SIDH                                 (abs)        000EF8
_RXM0SIDL                                 (abs)        000EF9
_RXM1EIDH                                 (abs)        000EFE
_RXM1EIDL                                 (abs)        000EFF
_RXM1SIDH                                 (abs)        000EFC
_RXM1SIDL                                 (abs)        000EFD
_SPBRG1                                   (abs)        000FAF
_SPBRGH1                                  (abs)        000F7D
_SYSTEM_Initialize                        text27       002A6C
_T0CON                                    (abs)        000FD5
_T0CONbits                                (abs)        000FD5
_TMR0H                                    (abs)        000FD7
_TMR0L                                    (abs)        000FD6
_TMR0_DefaultInterruptHandler             text38       002AA6
_TMR0_ISR                                 text37       0029D2
_TMR0_Initialize                          text28       0029F6
_TMR0_InterruptHandler                    nvCOMRAM     000048
_TMR0_SetInterruptHandler                 text29       002A94
_TRISA                                    (abs)        000F92
_TRISB                                    (abs)        000F93
_TRISC                                    (abs)        000F94
_TXB0CONbits                              (abs)        000F20
_TXB0D0                                   (abs)        000F26
_TXB0D1                                   (abs)        000F27
_TXB0D2                                   (abs)        000F28
_TXB0D3                                   (abs)        000F29
_TXB0D4                                   (abs)        000F2A
_TXB0D5                                   (abs)        000F2B
_TXB0D6                                   (abs)        000F2C
_TXB0D7                                   (abs)        000F2D
_TXB0DLC                                  (abs)        000F25
_TXB0EIDH                                 (abs)        000F23
_TXB0EIDL                                 (abs)        000F24
_TXB0SIDH                                 (abs)        000F21
_TXB0SIDL                                 (abs)        000F22
_TXB1CONbits                              (abs)        000F10
_TXB1D0                                   (abs)        000F16
_TXB1D1                                   (abs)        000F17
_TXB1D2                                   (abs)        000F18
_TXB1D3                                   (abs)        000F19
_TXB1D4                                   (abs)        000F1A
_TXB1D5                                   (abs)        000F1B
_TXB1D6                                   (abs)        000F1C
_TXB1D7                                   (abs)        000F1D
_TXB1DLC                                  (abs)        000F15
_TXB1EIDH                                 (abs)        000F13
_TXB1EIDL                                 (abs)        000F14
_TXB1SIDH                                 (abs)        000F11
_TXB1SIDL                                 (abs)        000F12
_TXB2CONbits                              (abs)        000F00
_TXB2D0                                   (abs)        000F06
_TXB2D1                                   (abs)        000F07
_TXB2D2                                   (abs)        000F08
_TXB2D3                                   (abs)        000F09
_TXB2D4                                   (abs)        000F0A
_TXB2D5                                   (abs)        000F0B
_TXB2D6                                   (abs)        000F0C
_TXB2D7                                   (abs)        000F0D
_TXB2DLC                                  (abs)        000F05
_TXB2EIDH                                 (abs)        000F03
_TXB2EIDL                                 (abs)        000F04
_TXB2SIDH                                 (abs)        000F01
_TXB2SIDL                                 (abs)        000F02
_TXREG1                                   (abs)        000FAD
_TXSTA1                                   (abs)        000FAC
_WPUB                                     (abs)        000F5B
__CFG_BBSIZ$BB2K                          (abs)        000000
__CFG_BOREN$SBORDIS                       (abs)        000000
__CFG_BORPWR$ZPBORMV                      (abs)        000000
__CFG_BORV$3                              (abs)        000000
__CFG_CANMX$PORTB                         (abs)        000000
__CFG_CP0$OFF                             (abs)        000000
__CFG_CP1$OFF                             (abs)        000000
__CFG_CP2$OFF                             (abs)        000000
__CFG_CP3$OFF                             (abs)        000000
__CFG_CPB$OFF                             (abs)        000000
__CFG_CPD$OFF                             (abs)        000000
__CFG_EBTR0$OFF                           (abs)        000000
__CFG_EBTR1$OFF                           (abs)        000000
__CFG_EBTR2$OFF                           (abs)        000000
__CFG_EBTR3$OFF                           (abs)        000000
__CFG_EBTRB$OFF                           (abs)        000000
__CFG_FCMEN$OFF                           (abs)        000000
__CFG_FOSC$HS1                            (abs)        000000
__CFG_IESO$OFF                            (abs)        000000
__CFG_INTOSCSEL$HIGH                      (abs)        000000
__CFG_MCLRE$ON                            (abs)        000000
__CFG_MSSPMSK$MSK7                        (abs)        000000
__CFG_PLLCFG$OFF                          (abs)        000000
__CFG_PWRTEN$OFF                          (abs)        000000
__CFG_RETEN$OFF                           (abs)        000000
__CFG_SOSCSEL$DIG                         (abs)        000000
__CFG_STVREN$ON                           (abs)        000000
__CFG_WDTEN$OFF                           (abs)        000000
__CFG_WDTPS$1048576                       (abs)        000000
__CFG_WRT0$OFF                            (abs)        000000
__CFG_WRT1$OFF                            (abs)        000000
__CFG_WRT2$OFF                            (abs)        000000
__CFG_WRT3$OFF                            (abs)        000000
__CFG_WRTB$OFF                            (abs)        000000
__CFG_WRTC$OFF                            (abs)        000000
__CFG_WRTD$OFF                            (abs)        000000
__CFG_XINST$OFF                           (abs)        000000
__HRAM                                    (abs)        000000
__Habs1                                   abs1         000000
__Hbank0                                  bank0        000000
__Hbank1                                  bank1        000000
__Hbank10                                 bank10       000000
__Hbank11                                 bank11       000000
__Hbank12                                 bank12       000000
__Hbank13                                 bank13       000000
__Hbank14                                 bank14       000000
__Hbank2                                  bank2        000000
__Hbank3                                  bank3        000000
__Hbank4                                  bank4        000000
__Hbank5                                  bank5        000000
__Hbank6                                  bank6        000000
__Hbank7                                  bank7        000000
__Hbank8                                  bank8        000000
__Hbank9                                  bank9        000000
__Hbigbss                                 bigbss       000000
__Hbigdata                                bigdata      000000
__Hbigram                                 bigram       000000
__Hbss                                    bss          000000
__HbssBANK0                               bssBANK0     000000
__HbssCOMRAM                              bssCOMRAM    000000
__Hcinit                                  cinit        000000
__Hclrtext                                clrtext      000000
__Hcomram                                 comram       000000
__Hconfig                                 config       30000E
__Hconst                                  const        000000
__HcstackBANK0                            cstackBANK0  000000
__HcstackBANK1                            cstackBANK1  000000
__HcstackCOMRAM                           cstackCOMRAM 000000
__Hdata                                   data         000000
__HdataBANK0                              dataBANK0    000000
__Heeprom_data                            eeprom_data  000000
__Hfarbss                                 farbss       000000
__Hfardata                                fardata      000000
__Hibigdata                               ibigdata     000000
__Hidata                                  idata        000000
__HidataBANK0                             idataBANK0   000000
__Hidloc                                  idloc        200008
__Hifardata                               ifardata     000000
__Hinit                                   init         0000D4
__Hintcode                                intcode      0000D0
__Hintcode_body                           intcode_body 000000
__Hintcodelo                              intcodelo    0000D0
__Hintentry                               intentry     000000
__Hintret                                 intret       000000
__Hintsave_regs                           intsave_regs 000000
__Hirdata                                 irdata       000000
__Hmediumconst                            mediumconst  000000
__HnvCOMRAM                               nvCOMRAM     000000
__HnvFARRAM                               nvFARRAM     000000
__Hnvbit                                  nvbit        000000
__Hnvrram                                 nvrram       000000
__Hparam                                  rparam       000000
__Hpowerup                                powerup      0000D0
__Hram                                    ram          000000
__Hramtop                                 ramtop       000F00
__Hrbit                                   rbit         000000
__Hrbss                                   rbss         000000
__Hrdata                                  rdata        000000
__Hreset_vec                              reset_vec    000004
__Hrparam                                 rparam       000000
__Hsfr                                    sfr          000000
__Hsmallconst                             smallconst   000F0A
__Hspace_0                                (abs)        30000E
__Hspace_1                                (abs)        000183
__Hspace_2                                (abs)        000000
__Hstack                                  stack        000000
__Hstruct                                 struct       000000
__Htemp                                   temp         00004D
__Htext                                   text         000000
__Htext0                                  text0        000000
__Htext1                                  text1        000000
__Htext10                                 text10       000000
__Htext11                                 text11       000000
__Htext12                                 text12       000000
__Htext13                                 text13       000000
__Htext14                                 text14       000000
__Htext15                                 text15       000000
__Htext16                                 text16       000000
__Htext17                                 text17       000000
__Htext18                                 text18       000000
__Htext19                                 text19       000000
__Htext2                                  text2        000000
__Htext20                                 text20       000000
__Htext21                                 text21       000000
__Htext22                                 text22       000000
__Htext23                                 text23       000000
__Htext24                                 text24       000000
__Htext25                                 text25       000000
__Htext26                                 text26       000000
__Htext27                                 text27       000000
__Htext28                                 text28       000000
__Htext29                                 text29       000000
__Htext3                                  text3        000000
__Htext30                                 text30       000000
__Htext31                                 text31       000000
__Htext32                                 text32       000000
__Htext33                                 text33       000000
__Htext34                                 text34       000000
__Htext35                                 text35       000000
__Htext37                                 text37       000000
__Htext38                                 text38       000000
__Htext39                                 text39       000000
__Htext4                                  text4        000000
__Htext40                                 text40       000000
__Htext41                                 text41       000000
__Htext42                                 text42       000000
__Htext5                                  text5        000000
__Htext6                                  text6        000000
__Htext7                                  text7        000000
__Htext8                                  text8        000000
__Htext9                                  text9        000000
__LRAM                                    (abs)        000001
__Labs1                                   abs1         000000
__Lbank0                                  bank0        000000
__Lbank1                                  bank1        000000
__Lbank10                                 bank10       000000
__Lbank11                                 bank11       000000
__Lbank12                                 bank12       000000
__Lbank13                                 bank13       000000
__Lbank14                                 bank14       000000
__Lbank2                                  bank2        000000
__Lbank3                                  bank3        000000
__Lbank4                                  bank4        000000
__Lbank5                                  bank5        000000
__Lbank6                                  bank6        000000
__Lbank7                                  bank7        000000
__Lbank8                                  bank8        000000
__Lbank9                                  bank9        000000
__Lbigbss                                 bigbss       000000
__Lbigdata                                bigdata      000000
__Lbigram                                 bigram       000000
__Lbss                                    bss          000000
__LbssBANK0                               bssBANK0     000000
__LbssCOMRAM                              bssCOMRAM    000000
__Lcinit                                  cinit        000000
__Lclrtext                                clrtext      000000
__Lcomram                                 comram       000000
__Lconfig                                 config       300000
__Lconst                                  const        000000
__LcstackBANK0                            cstackBANK0  000000
__LcstackBANK1                            cstackBANK1  000000
__LcstackCOMRAM                           cstackCOMRAM 000000
__Ldata                                   data         000000
__LdataBANK0                              dataBANK0    000000
__Leeprom_data                            eeprom_data  000000
__Lfarbss                                 farbss       000000
__Lfardata                                fardata      000000
__Libigdata                               ibigdata     000000
__Lidata                                  idata        000000
__LidataBANK0                             idataBANK0   000000
__Lidloc                                  idloc        200000
__Lifardata                               ifardata     000000
__Linit                                   init         0000D0
__Lintcode                                intcode      000008
__Lintcode_body                           intcode_body 000000
__Lintcodelo                              intcodelo    0000D0
__Lintentry                               intentry     000000
__Lintret                                 intret       000000
__Lintsave_regs                           intsave_regs 000000
__Lirdata                                 irdata       000000
__Lmediumconst                            mediumconst  000000
__LnvCOMRAM                               nvCOMRAM     000000
__LnvFARRAM                               nvFARRAM     000000
__Lnvbit                                  nvbit        000000
__Lnvrram                                 nvrram       000000
__Lparam                                  rparam       000000
__Lpowerup                                powerup      0000D0
__Lram                                    ram          000000
__Lramtop                                 ramtop       000F00
__Lrbit                                   rbit         000000
__Lrbss                                   rbss         000000
__Lrdata                                  rdata        000000
__Lreset_vec                              reset_vec    000000
__Lrparam                                 rparam       000000
__Lsfr                                    sfr          000000
__Lsmallconst                             smallconst   000F00
__Lspace_0                                (abs)        000000
__Lspace_1                                (abs)        000000
__Lspace_2                                (abs)        000000
__Lstack                                  stack        000000
__Lstruct                                 struct       000000
__Ltemp                                   temp         00004C
__Ltext                                   text         000000
__Ltext0                                  text0        000000
__Ltext1                                  text1        000000
__Ltext10                                 text10       000000
__Ltext11                                 text11       000000
__Ltext12                                 text12       000000
__Ltext13                                 text13       000000
__Ltext14                                 text14       000000
__Ltext15                                 text15       000000
__Ltext16                                 text16       000000
__Ltext17                                 text17       000000
__Ltext18                                 text18       000000
__Ltext19                                 text19       000000
__Ltext2                                  text2        000000
__Ltext20                                 text20       000000
__Ltext21                                 text21       000000
__Ltext22                                 text22       000000
__Ltext23                                 text23       000000
__Ltext24                                 text24       000000
__Ltext25                                 text25       000000
__Ltext26                                 text26       000000
__Ltext27                                 text27       000000
__Ltext28                                 text28       000000
__Ltext29                                 text29       000000
__Ltext3                                  text3        000000
__Ltext30                                 text30       000000
__Ltext31                                 text31       000000
__Ltext32                                 text32       000000
__Ltext33                                 text33       000000
__Ltext34                                 text34       000000
__Ltext35                                 text35       000000
__Ltext37                                 text37       000000
__Ltext38                                 text38       000000
__Ltext39                                 text39       000000
__Ltext4                                  text4        000000
__Ltext40                                 text40       000000
__Ltext41                                 text41       000000
__Ltext42                                 text42       000000
__Ltext5                                  text5        000000
__Ltext6                                  text6        000000
__Ltext7                                  text7        000000
__Ltext8                                  text8        000000
__Ltext9                                  text9        000000
__S0                                      (abs)        30000E
__S1                                      (abs)        000183
__S2                                      (abs)        000000
___altoft                                 text25       002460
___altoft@c                               cstackCOMRAM 00001B
___altoft@exp                             cstackCOMRAM 000023
___altoft@sign                            cstackCOMRAM 000024
___attoft                                 text14       0027F4
___attoft@c                               cstackCOMRAM 000022
___attoft@sign                            cstackCOMRAM 000025
___ftadd                                  text13       001D0A
___ftadd@exp1                             cstackCOMRAM 000026
___ftadd@exp2                             cstackCOMRAM 000025
___ftadd@f1                               cstackCOMRAM 00001B
___ftadd@f2                               cstackCOMRAM 00001E
___ftadd@sign                             cstackCOMRAM 000024
___ftdiv                                  text24       00223C
___ftdiv@cntr                             cstackCOMRAM 000033
___ftdiv@exp                              cstackCOMRAM 000037
___ftdiv@f1                               cstackCOMRAM 00002A
___ftdiv@f2                               cstackCOMRAM 00002D
___ftdiv@f3                               cstackCOMRAM 000034
___ftdiv@sign                             cstackCOMRAM 000038
___ftge                                   text23       0023D0
___ftge@ff1                               cstackCOMRAM 000013
___ftge@ff2                               cstackCOMRAM 000016
___ftmul                                  text22       002148
___ftmul@cntr                             cstackCOMRAM 000028
___ftmul@exp                              cstackCOMRAM 000024
___ftmul@f1                               cstackCOMRAM 00001B
___ftmul@f2                               cstackCOMRAM 00001E
___ftmul@f3_as_product                    cstackCOMRAM 000025
___ftmul@sign                             cstackCOMRAM 000029
___ftneg                                  text21       0029AE
___ftneg@f1                               cstackCOMRAM 000013
___ftpack                                 text26       002322
___ftpack@arg                             cstackCOMRAM 000013
___ftpack@exp                             cstackCOMRAM 000016
___ftpack@sign                            cstackCOMRAM 000017
___fttol                                  text12       002054
___fttol@exp1                             cstackCOMRAM 000021
___fttol@f1                               cstackCOMRAM 000013
___fttol@lval                             cstackCOMRAM 00001D
___fttol@sign1                            cstackCOMRAM 00001C
___inthi_sp                               stack        000000
___intlo_sp                               stack        000000
___lmul                                   text20       002688
___lmul@multiplicand                      cstackCOMRAM 000017
___lmul@multiplier                        cstackCOMRAM 000013
___lmul@product                           cstackCOMRAM 00001B
___param_bank                             (abs)        000000
___rparam_used                            (abs)        000001
___sp                                     stack        000000
__accesstop                               (abs)        000060
__activetblptr                            (abs)        000003
__end_of_CAN_transmit                     text34       001AE2
__end_of_ECAN_ISR_ECAN_TXB0I              text41       002AA6
__end_of_EUSART1_Initialize               text33       002866
__end_of_EUSART1_Read                     text8        00272E
__end_of_EUSART1_Receive_ISR              text40       0028EC
__end_of_EUSART1_Transmit_ISR             text39       002894
__end_of_INTERRUPT_Initialize             text32       002AA2
__end_of_INTERRUPT_InterruptManager       intcode      0000D0
__end_of_OSCILLATOR_Initialize            text31       002A94
__end_of_PIN_MANAGER_Initialize           text30       002964
__end_of_SYSTEM_Initialize                text27       002A82
__end_of_TMR0_DefaultInterruptHandler     text38       002AA8
__end_of_TMR0_ISR                         text37       0029F6
__end_of_TMR0_Initialize                  text28       002A18
__end_of_TMR0_SetInterruptHandler         text29       002A9E
__end_of___altoft                         text25       0024D8
__end_of___attoft                         text14       002832
__end_of___ftadd                          text13       001EB6
__end_of___ftdiv                          text24       002322
__end_of___ftge                           text23       002460
__end_of___ftmul                          text22       00223C
__end_of___ftneg                          text21       0029D2
__end_of___ftpack                         text26       0023D0
__end_of___fttol                          text12       002148
__end_of___lmul                           text20       0026DE
__end_of__initialization                  cinit        0027AA
__end_of_atof                             text16       0029AE
__end_of_convertCANid2Reg                 text35       002054
__end_of_cvtGPStoDecimal                  text10       001D0A
__end_of_fillString                       text9        0025BE
__end_of_getString                        text6        002688
__end_of_isalnum                          text3        002914
__end_of_isalpha                          text4        00293C
__end_of_isdigit                          text19       002A54
__end_of_isspace                          text18       00298A
__end_of_isupper                          text5        002A36
__end_of_main                             text0        0013FC
__end_of_memcpy                           text15       002772
__end_of_memset                           text2        0028C0
__end_of_modf                             text11       00254E
__end_of_strcmp                           text1        002628
__end_of_strlen                           text7        0027F4
__end_of_strtod                           text17       0017E4
__initialization                          cinit        002772
__mediumconst                             mediumconst  000000
__pbssBANK0                               bssBANK0     0000B7
__pbssCOMRAM                              bssCOMRAM    00003B
__pcinit                                  cinit        002772
__pcstackBANK0                            cstackBANK0  000060
__pcstackBANK1                            cstackBANK1  000100
__pcstackCOMRAM                           cstackCOMRAM 000001
__pdataBANK0                              dataBANK0    0000A0
__pidataBANK0                             idataBANK0   002A54
__pintcode                                intcode      000008
__pnvCOMRAM                               nvCOMRAM     000048
__psmallconst                             smallconst   000F00
__ptext0                                  text0        000F0A
__ptext1                                  text1        0025BE
__ptext10                                 text10       001AE2
__ptext11                                 text11       0024D8
__ptext12                                 text12       002054
__ptext13                                 text13       001D0A
__ptext14                                 text14       0027F4
__ptext15                                 text15       00272E
__ptext16                                 text16       00298A
__ptext17                                 text17       0013FC
__ptext18                                 text18       002964
__ptext19                                 text19       002A36
__ptext2                                  text2        002894
__ptext20                                 text20       002688
__ptext21                                 text21       0029AE
__ptext22                                 text22       002148
__ptext23                                 text23       0023D0
__ptext24                                 text24       00223C
__ptext25                                 text25       002460
__ptext26                                 text26       002322
__ptext27                                 text27       002A6C
__ptext28                                 text28       0029F6
__ptext29                                 text29       002A94
__ptext3                                  text3        0028EC
__ptext30                                 text30       00293C
__ptext31                                 text31       002A82
__ptext32                                 text32       002A9E
__ptext33                                 text33       002832
__ptext34                                 text34       0017E4
__ptext35                                 text35       001EB6
__ptext37                                 text37       0029D2
__ptext38                                 text38       002AA6
__ptext39                                 text39       002866
__ptext4                                  text4        002914
__ptext40                                 text40       0028C0
__ptext41                                 text41       002AA2
__ptext42                                 text42       000000
__ptext5                                  text5        002A18
__ptext6                                  text6        002628
__ptext7                                  text7        0027B4
__ptext8                                  text8        0026DE
__ptext9                                  text9        00254E
__ramtop                                  ramtop       000F00
__size_of_CAN_transmit                    (abs)        000000
__size_of_ECAN_ISR_ECAN_TXB0I             (abs)        000000
__size_of_EUSART1_Initialize              (abs)        000000
__size_of_EUSART1_Read                    (abs)        000000
__size_of_EUSART1_Receive_ISR             (abs)        000000
__size_of_EUSART1_Transmit_ISR            (abs)        000000
__size_of_INTERRUPT_Initialize            (abs)        000000
__size_of_INTERRUPT_InterruptManager      (abs)        000000
__size_of_OSCILLATOR_Initialize           (abs)        000000
__size_of_PIN_MANAGER_Initialize          (abs)        000000
__size_of_SYSTEM_Initialize               (abs)        000000
__size_of_TMR0_DefaultInterruptHandler    (abs)        000000
__size_of_TMR0_ISR                        (abs)        000000
__size_of_TMR0_Initialize                 (abs)        000000
__size_of_TMR0_SetInterruptHandler        (abs)        000000
__size_of___altoft                        (abs)        000000
__size_of___attoft                        (abs)        000000
__size_of___ftadd                         (abs)        000000
__size_of___ftdiv                         (abs)        000000
__size_of___ftge                          (abs)        000000
__size_of___ftmul                         (abs)        000000
__size_of___ftneg                         (abs)        000000
__size_of___ftpack                        (abs)        000000
__size_of___fttol                         (abs)        000000
__size_of___lmul                          (abs)        000000
__size_of_atof                            (abs)        000000
__size_of_convertCANid2Reg                (abs)        000000
__size_of_cvtGPStoDecimal                 (abs)        000000
__size_of_fillString                      (abs)        000000
__size_of_getString                       (abs)        000000
__size_of_isalnum                         (abs)        000000
__size_of_isalpha                         (abs)        000000
__size_of_isdigit                         (abs)        000000
__size_of_isspace                         (abs)        000000
__size_of_isupper                         (abs)        000000
__size_of_main                            (abs)        000000
__size_of_memcpy                          (abs)        000000
__size_of_memset                          (abs)        000000
__size_of_modf                            (abs)        000000
__size_of_strcmp                          (abs)        000000
__size_of_strlen                          (abs)        000000
__size_of_strtod                          (abs)        000000
__smallconst                              smallconst   000F00
_atof                                     text16       00298A
_convertCANid2Reg                         text35       001EB6
_cvtGPStoDecimal                          text10       001AE2
_cvtGPStoDecimal$1457                     cstackBANK0  000088
_cvtGPStoDecimal$1460                     cstackBANK0  00008B
_cvtGPStoDecimal$2126                     cstackBANK0  000091
_eusart1RxBuffer                          bssBANK0     0000B7
_eusart1RxCount                           bssCOMRAM    000043
_eusart1RxHead                            bssCOMRAM    000045
_eusart1RxTail                            bssCOMRAM    000044
_eusart1TxBuffer                          bssCOMRAM    00003B
_eusart1TxBufferRemaining                 nvCOMRAM     00004A
_eusart1TxHead                            bssCOMRAM    000047
_eusart1TxTail                            bssCOMRAM    000046
_fillString                               text9        00254E
_getString                                text6        002628
_isalnum                                  text3        0028EC
_isalnum$1707                             cstackCOMRAM 00001A
_isalpha                                  text4        002914
_isalpha$1715                             cstackCOMRAM 000017
_isdigit                                  text19       002A36
_isdigit$1718                             cstackCOMRAM 000014
_isspace                                  text18       002964
_isspace$1721                             cstackCOMRAM 000014
_isupper                                  text5        002A18
_isupper$1724                             cstackCOMRAM 000014
_main                                     text0        000F0A
_memcpy                                   text15       00272E
_memset                                   text2        002894
_modf                                     text11       0024D8
_strcmp                                   text1        0025BE
_strlen                                   text7        0027B4
_strtod                                   text17       0013FC
_timer0ReloadVal                          nvCOMRAM     00004B
atof@s                                    cstackBANK0  00006B
btemp                                     temp         00004C
convertCANid2Reg@canIdType                cstackCOMRAM 000017
convertCANid2Reg@passedInEIDH             cstackCOMRAM 000018
convertCANid2Reg@passedInEIDL             cstackCOMRAM 00001A
convertCANid2Reg@passedInSIDH             cstackCOMRAM 00001C
convertCANid2Reg@passedInSIDL             cstackCOMRAM 00001E
convertCANid2Reg@tempPassedInID           cstackCOMRAM 000013
convertCANid2Reg@wipSIDL                  cstackCOMRAM 000024
cvtGPStoDecimal@F15316                    dataBANK0    0000AC
cvtGPStoDecimal@F15319                    dataBANK0    0000A0
cvtGPStoDecimal@convertedGPS              cstackBANK0  000097
cvtGPStoDecimal@decPart                   cstackBANK0  00008E
cvtGPStoDecimal@inputGPS                  cstackBANK0  00006E
cvtGPStoDecimal@intPart                   cstackBANK0  000094
cvtGPStoDecimal@latMode                   cstackBANK0  000070
cvtGPStoDecimal@tempStr                   cstackBANK0  00007D
cvtGPStoDecimal@tempStr_1459              cstackBANK0  000071
end_of_initialization                     cinit        0027AA
fillString@commaFound                     cstackCOMRAM 00001B
fillString@currentChar                    cstackCOMRAM 00001F
fillString@fillCycle                      cstackCOMRAM 000019
fillString@findCycle                      cstackCOMRAM 00001D
fillString@outputString                   cstackCOMRAM 000013
fillString@startOfCycle                   cstackCOMRAM 000017
fillString@stringSource                   cstackCOMRAM 000015
getString@testCycle                       cstackCOMRAM 00001D
getString@testSize                        cstackCOMRAM 000019
getString@testString                      cstackCOMRAM 00001F
int$flags                                 temp         00004C
intlevel0                                 text         000000
intlevel1                                 text         000000
intlevel2                                 text         000000
intlevel3                                 text         000000
isalnum@c                                 cstackCOMRAM 00001B
isalpha@c                                 cstackCOMRAM 000018
isdigit@c                                 cstackCOMRAM 000015
isspace@c                                 cstackCOMRAM 000015
isupper@c                                 cstackCOMRAM 000015
main@count                                cstackBANK1  000167
main@count_1418                           cstackBANK1  000169
main@data                                 cstackBANK1  00017C
main@dataCount                            cstackBANK1  000181
main@gotGPS                               cstackBANK1  000178
main@gpsByte                              cstackBANK1  000160
main@gpsMSG                               cstackBANK1  00017D
main@i                                    cstackBANK1  000100
main@i_1423                               cstackBANK1  00016E
main@i_1424                               cstackBANK1  000170
main@i_1427                               cstackBANK1  000172
main@i_1428                               cstackBANK1  000174
main@latDec                               cstackBANK1  000161
main@lati_data                            cstackBANK1  000110
main@latitude                             cstackBANK1  000179
main@longDec                              cstackBANK1  000164
main@longi_data                           cstackBANK1  000104
main@longitude                            cstackBANK1  00016B
main@rawCycle                             cstackBANK1  00017F
main@rawData                              cstackBANK1  00011D
main@testCan                              cstackBANK1  00015E
main@testInt                              cstackBANK1  000159
main@testInt_1429                         cstackBANK1  00015B
main@testSize                             cstackBANK1  000102
main@testString                           cstackBANK1  00015D
main@testString_1422                      cstackBANK1  000176
main@testString_1426                      cstackBANK1  000177
main@value                                cstackBANK1  00011C
memcpy@d                                  cstackCOMRAM 000019
memcpy@d1                                 cstackCOMRAM 000013
memcpy@n                                  cstackCOMRAM 000017
memcpy@s                                  cstackCOMRAM 00001B
memcpy@s1                                 cstackCOMRAM 000015
memcpy@tmp                                cstackCOMRAM 00001D
memset@c                                  cstackCOMRAM 000015
memset@n                                  cstackCOMRAM 000017
memset@p                                  cstackCOMRAM 000019
memset@p1                                 cstackCOMRAM 000013
modf@iptr                                 cstackCOMRAM 00002A
modf@value                                cstackCOMRAM 000027
stackhi                                   (abs)        000E40
stacklo                                   (abs)        000183
start                                     init         0000D0
start_initialization                      cinit        002772
strcmp@r                                  cstackCOMRAM 000028
strcmp@s1                                 cstackCOMRAM 000021
strcmp@s2                                 cstackCOMRAM 000024
strlen@cp                                 cstackCOMRAM 000017
strlen@s                                  cstackCOMRAM 000013
strtod@_u                                 cstackBANK0  000067
strtod@eexp                               cstackBANK0  000064
strtod@expon                              cstackBANK0  000066
strtod@flags                              cstackBANK0  000065
strtod@res                                cstackBANK0  000062
strtod@s                                  cstackBANK0  000060
wtemp6                                    temp         00004D


FUNCTION INFORMATION:

 *************** function _main *****************
 Defined at:
		line 62 in file "main.c"
 Parameters:    Size  Location     Type
		None
 Auto vars:     Size  Location     Type
  testInt         2   91[BANK1 ] int 
  i               2  116[BANK1 ] int 
  i               2  114[BANK1 ] int 
  testInt         2   89[BANK1 ] int 
  i               2  112[BANK1 ] int 
  i               2  110[BANK1 ] int 
  testString      1  119[BANK1 ] unsigned char 
  testString      1  118[BANK1 ] unsigned char 
  dataCount       2  129[BANK1 ] int 
  testCan         2   94[BANK1 ] int 
  testSize        2    2[BANK1 ] unsigned int 
  gpsByte         1   96[BANK1 ] unsigned char 
  rawCycle        2  127[BANK1 ] int 
  longDec         3  100[BANK1 ] float 
  latDec          3   97[BANK1 ] float 
  count           2  105[BANK1 ] int 
  count           2  103[BANK1 ] int 
  rawData        60   29[BANK1 ] volatile unsigned char [
  lati_data      12   16[BANK1 ] unsigned char [12]
  longi_data     12    4[BANK1 ] unsigned char [12]
  latitude        3  121[BANK1 ] struct coordinate
  longitude       3  107[BANK1 ] struct coordinate
  gpsMSG          2  125[BANK1 ] PTR struct .
  i               2    0[BANK1 ] unsigned int 
  pos             2    0        unsigned int 
  data            1  124[BANK1 ] unsigned char 
  gotGPS          1  120[BANK1 ] unsigned char 
  testString      1   93[BANK1 ] unsigned char 
  value           1   28[BANK1 ] unsigned char 
 Return value:  Size  Location     Type
                  1    wreg      void 
 Registers used:
		wreg, fsr1l, fsr1h, fsr2l, fsr2h, status,2, status,0, tblptrl, tblptrh, tblptru, prodl, prodh, cstack
 Tracked objects:
		On entry : 
		On exit  : 
		Unchanged: 
 Data sizes:     COMRAM   BANK0   BANK1   BANK2   BANK3   BANK4   BANK5   BANK6   BANK7   BANK8   BANK9  BANK10  BANK11  BANK12  BANK13  BANK14
      Params:         0       0       0       0       0       0       0       0       0       0       0       0       0       0       0       0
      Locals:         0       0     131       0       0       0       0       0       0       0       0       0       0       0       0       0
      Temps:          0       6       0       0       0       0       0       0       0       0       0       0       0       0       0       0
      Totals:         0       6     131       0       0       0       0       0       0       0       0       0       0       0       0       0
Total ram usage:      137 bytes
 Hardware stack levels required when called:    8
 This function calls:
		_CAN_transmit
		_EUSART1_Read
		_SYSTEM_Initialize
		___fttol
		_cvtGPStoDecimal
		_fillString
		_getString
		_isalnum
		_memset
		_strcmp
 This function is called by:
		Startup code after reset
 This function uses a non-reentrant model


 *************** function _strcmp *****************
 Defined at:
		line 33 in file "/opt/microchip/xc8/v1.45/sources/common/strcmp.c"
 Parameters:    Size  Location     Type
  s1              3   32[COMRAM] PTR const unsigned char 
		 -> ROM(65535), 
  s2              3   35[COMRAM] PTR const unsigned char 
		 -> ROM(65535), 
 Auto vars:     Size  Location     Type
  r               1   39[COMRAM] char 
 Return value:  Size  Location     Type
                  2   32[COMRAM] int 
 Registers used:
		wreg, status,2, status,0, tblptrl, tblptrh, tblptru
 Tracked objects:
		On entry : 
		On exit  : 
		Unchanged: 
 Data sizes:     COMRAM   BANK0   BANK1   BANK2   BANK3   BANK4   BANK5   BANK6   BANK7   BANK8   BANK9  BANK10  BANK11  BANK12  BANK13  BANK14
      Params:         6       0       0       0       0       0       0       0       0       0       0       0       0       0       0       0
      Locals:         1       0       0       0       0       0       0       0       0       0       0       0       0       0       0       0
      Temps:          1       0       0       0       0       0       0       0       0       0       0       0       0       0       0       0
      Totals:         8       0       0       0       0       0       0       0       0       0       0       0       0       0       0       0
Total ram usage:        8 bytes
 Hardware stack levels used:    1
 Hardware stack levels required when called:    3
 This function calls:
		Nothing
 This function is called by:
		_main
 This function uses a non-reentrant model


 *************** function _memset *****************
 Defined at:
		line 8 in file "/opt/microchip/xc8/v1.45/sources/common/memset.c"
 Parameters:    Size  Location     Type
  p1              2   18[COMRAM] PTR void 
		 -> main@lati_data(12), main@longi_data(12), main@rawData(60), 
  c               2   20[COMRAM] int 
  n               2   22[COMRAM] unsigned int 
 Auto vars:     Size  Location     Type
  p               2   24[COMRAM] PTR unsigned char 
		 -> main@lati_data(12), main@longi_data(12), main@rawData(60), 
 Return value:  Size  Location     Type
                  2   18[COMRAM] PTR void 
 Registers used:
		wreg, fsr2l, fsr2h, status,2, status,0
 Tracked objects:
		On entry : 
		On exit  : 
		Unchanged: 
 Data sizes:     COMRAM   BANK0   BANK1   BANK2   BANK3   BANK4   BANK5   BANK6   BANK7   BANK8   BANK9  BANK10  BANK11  BANK12  BANK13  BANK14
      Params:         6       0       0       0       0       0       0       0       0       0       0       0       0       0       0       0
      Locals:         2       0       0       0       0       0       0       0       0       0       0       0       0       0       0       0
      Temps:          0       0       0       0       0       0       0       0       0       0       0       0       0       0       0       0
      Totals:         8       0       0       0       0       0       0       0       0       0       0       0       0       0       0       0
Total ram usage:        8 bytes
 Hardware stack levels used:    1
 Hardware stack levels required when called:    3
 This function calls:
		Nothing
 This function is called by:
		_main
 This function uses a non-reentrant model


 *************** function _isalnum *****************
 Defined at:
		line 8 in file "/opt/microchip/xc8/v1.45/sources/common/isalnum.c"
 Parameters:    Size  Location     Type
  c               1    wreg     unsigned char 
 Auto vars:     Size  Location     Type
  c               1   26[COMRAM] unsigned char 
 Return value:  Size  Location     Type
		None               void
 Registers used:
		wreg, status,2, status,0, cstack
 Tracked objects:
		On entry : 
		On exit  : 
		Unchanged: 
 Data sizes:     COMRAM   BANK0   BANK1   BANK2   BANK3   BANK4   BANK5   BANK6   BANK7   BANK8   BANK9  BANK10  BANK11  BANK12  BANK13  BANK14
      Params:         0       0       0       0       0       0       0       0       0       0       0       0       0       0       0       0
      Locals:         2       0       0       0       0       0       0       0       0       0       0       0       0       0       0       0
      Temps:          1       0       0       0       0       0       0       0       0       0       0       0       0       0       0       0
      Totals:         3       0       0       0       0       0       0       0       0       0       0       0       0       0       0       0
Total ram usage:        3 bytes
 Hardware stack levels used:    1
 Hardware stack levels required when called:    5
 This function calls:
		_isalpha
 This function is called by:
		_main
 This function uses a non-reentrant model


 *************** function _isalpha *****************
 Defined at:
		line 8 in file "/opt/microchip/xc8/v1.45/sources/common/isalpha.c"
 Parameters:    Size  Location     Type
  c               1    wreg     unsigned char 
 Auto vars:     Size  Location     Type
  c               1   23[COMRAM] unsigned char 
 Return value:  Size  Location     Type
		None               void
 Registers used:
		wreg, status,2, status,0, cstack
 Tracked objects:
		On entry : 
		On exit  : 
		Unchanged: 
 Data sizes:     COMRAM   BANK0   BANK1   BANK2   BANK3   BANK4   BANK5   BANK6   BANK7   BANK8   BANK9  BANK10  BANK11  BANK12  BANK13  BANK14
      Params:         0       0       0       0       0       0       0       0       0       0       0       0       0       0       0       0
      Locals:         2       0       0       0       0       0       0       0       0       0       0       0       0       0       0       0
      Temps:          1       0       0       0       0       0       0       0       0       0       0       0       0       0       0       0
      Totals:         3       0       0       0       0       0       0       0       0       0       0       0       0       0       0       0
Total ram usage:        3 bytes
 Hardware stack levels used:    1
 Hardware stack levels required when called:    4
 This function calls:
		_isupper
 This function is called by:
		_isalnum
 This function uses a non-reentrant model


 *************** function _isupper *****************
 Defined at:
		line 8 in file "/opt/microchip/xc8/v1.45/sources/common/isupper.c"
 Parameters:    Size  Location     Type
  c               1    wreg     unsigned char 
 Auto vars:     Size  Location     Type
  c               1   20[COMRAM] unsigned char 
 Return value:  Size  Location     Type
		None               void
 Registers used:
		wreg, status,2, status,0
 Tracked objects:
		On entry : 
		On exit  : 
		Unchanged: 
 Data sizes:     COMRAM   BANK0   BANK1   BANK2   BANK3   BANK4   BANK5   BANK6   BANK7   BANK8   BANK9  BANK10  BANK11  BANK12  BANK13  BANK14
      Params:         0       0       0       0       0       0       0       0       0       0       0       0       0       0       0       0
      Locals:         2       0       0       0       0       0       0       0       0       0       0       0       0       0       0       0
      Temps:          1       0       0       0       0       0       0       0       0       0       0       0       0       0       0       0
      Totals:         3       0       0       0       0       0       0       0       0       0       0       0       0       0       0       0
Total ram usage:        3 bytes
 Hardware stack levels used:    1
 Hardware stack levels required when called:    3
 This function calls:
		Nothing
 This function is called by:
		_isalpha
 This function uses a non-reentrant model


 *************** function _getString *****************
 Defined at:
		line 313 in file "main.c"
 Parameters:    Size  Location     Type
  testSize        2   24[COMRAM] int 
 Auto vars:     Size  Location     Type
  testString      2   30[COMRAM] PTR unsigned char 
		 -> STR_2(7), 
  testCycle       2   28[COMRAM] int 
 Return value:  Size  Location     Type
                  1    wreg      unsigned char 
 Registers used:
		wreg, fsr2l, fsr2h, status,2, status,0, tblptrl, tblptrh, tblptru, prodl, prodh, cstack
 Tracked objects:
		On entry : 
		On exit  : 
		Unchanged: 
 Data sizes:     COMRAM   BANK0   BANK1   BANK2   BANK3   BANK4   BANK5   BANK6   BANK7   BANK8   BANK9  BANK10  BANK11  BANK12  BANK13  BANK14
      Params:         2       0       0       0       0       0       0       0       0       0       0       0       0       0       0       0
      Locals:         4       0       0       0       0       0       0       0       0       0       0       0       0       0       0       0
      Temps:          2       0       0       0       0       0       0       0       0       0       0       0       0       0       0       0
      Totals:         8       0       0       0       0       0       0       0       0       0       0       0       0       0       0       0
Total ram usage:        8 bytes
 Hardware stack levels used:    1
 Hardware stack levels required when called:    4
 This function calls:
		_EUSART1_Read
		_strlen
 This function is called by:
		_main
 This function uses a non-reentrant model


 *************** function _strlen *****************
 Defined at:
		line 4 in file "/opt/microchip/xc8/v1.45/sources/common/strlen.c"
 Parameters:    Size  Location     Type
  s               2   18[COMRAM] PTR const unsigned char 
		 -> STR_2(7), 
 Auto vars:     Size  Location     Type
  cp              2   22[COMRAM] PTR const unsigned char 
		 -> STR_2(7), 
 Return value:  Size  Location     Type
                  2   18[COMRAM] unsigned int 
 Registers used:
		wreg, status,2, status,0, tblptrl, tblptrh, tblptru
 Tracked objects:
		On entry : 
		On exit  : 
		Unchanged: 
 Data sizes:     COMRAM   BANK0   BANK1   BANK2   BANK3   BANK4   BANK5   BANK6   BANK7   BANK8   BANK9  BANK10  BANK11  BANK12  BANK13  BANK14
      Params:         2       0       0       0       0       0       0       0       0       0       0       0       0       0       0       0
      Locals:         2       0       0       0       0       0       0       0       0       0       0       0       0       0       0       0
      Temps:          2       0       0       0       0       0       0       0       0       0       0       0       0       0       0       0
      Totals:         6       0       0       0       0       0       0       0       0       0       0       0       0       0       0       0
Total ram usage:        6 bytes
 Hardware stack levels used:    1
 Hardware stack levels required when called:    3
 This function calls:
		Nothing
 This function is called by:
		_getString
 This function uses a non-reentrant model


 *************** function _EUSART1_Read *****************
 Defined at:
		line 108 in file "mcc_generated_files/eusart1.c"
 Parameters:    Size  Location     Type
		None
 Auto vars:     Size  Location     Type
  timeOutCount    2   18[COMRAM] int 
  readValue       1   20[COMRAM] unsigned char 
 Return value:  Size  Location     Type
                  1    wreg      unsigned char 
 Registers used:
		wreg, fsr2l, fsr2h, status,2, status,0, prodl, prodh
 Tracked objects:
		On entry : 
		On exit  : 
		Unchanged: 
 Data sizes:     COMRAM   BANK0   BANK1   BANK2   BANK3   BANK4   BANK5   BANK6   BANK7   BANK8   BANK9  BANK10  BANK11  BANK12  BANK13  BANK14
      Params:         0       0       0       0       0       0       0       0       0       0       0       0       0       0       0       0
      Locals:         3       0       0       0       0       0       0       0       0       0       0       0       0       0       0       0
      Temps:          0       0       0       0       0       0       0       0       0       0       0       0       0       0       0       0
      Totals:         3       0       0       0       0       0       0       0       0       0       0       0       0       0       0       0
Total ram usage:        3 bytes
 Hardware stack levels used:    1
 Hardware stack levels required when called:    3
 This function calls:
		Nothing
 This function is called by:
		_main
		_getString
 This function uses a non-reentrant model


 *************** function _fillString *****************
 Defined at:
		line 335 in file "main.c"
 Parameters:    Size  Location     Type
  outputString    2   18[COMRAM] PTR unsigned char 
		 -> main@lati_data(12), main@longi_data(12), 
  stringSource    2   20[COMRAM] PTR const unsigned char 
		 -> main@rawData(60), 
  startOfCycle    2   22[COMRAM] int 
 Auto vars:     Size  Location     Type
  findCycle       2   28[COMRAM] unsigned int 
  commaFound      2   26[COMRAM] unsigned int 
  fillCycle       2   24[COMRAM] unsigned int 
  currentChar     1   30[COMRAM] unsigned char 
 Return value:  Size  Location     Type
                  1    wreg      void 
 Registers used:
		wreg, fsr2l, fsr2h, status,2, status,0
 Tracked objects:
		On entry : 
		On exit  : 
		Unchanged: 
 Data sizes:     COMRAM   BANK0   BANK1   BANK2   BANK3   BANK4   BANK5   BANK6   BANK7   BANK8   BANK9  BANK10  BANK11  BANK12  BANK13  BANK14
      Params:         6       0       0       0       0       0       0       0       0       0       0       0       0       0       0       0
[...]
 Hardware stack levels used:    1
 Hardware stack levels required when called:    3
 This function calls:
		Nothing
 This function is called by:
		_SYSTEM_Initialize
 This function uses a non-reentrant model


 *************** function _INTERRUPT_Initialize *****************
 Defined at:
		line 51 in file "mcc_generated_files/interrupt_manager.c"
 Parameters:    Size  Location     Type
		None
 Auto vars:     Size  Location     Type
		None
 Return value:  Size  Location     Type
                  1    wreg      void 
 Registers used:
		None
 Tracked objects:
		On entry : 
		On exit  : 
		Unchanged: 
 Data sizes:     COMRAM   BANK0   BANK1   BANK2   BANK3   BANK4   BANK5   BANK6   BANK7   BANK8   BANK9  BANK10  BANK11  BANK12  BANK13  BANK14
      Params:         0       0       0       0       0       0       0       0       0       0       0       0       0       0       0       0
      Locals:         0       0       0       0       0       0       0       0       0       0       0       0       0       0       0       0
      Temps:          0       0       0       0       0       0       0       0       0       0       0       0       0       0       0       0
      Totals:         0       0       0       0       0       0       0       0       0       0       0       0       0       0       0       0
Total ram usage:        0 bytes
 Hardware stack levels used:    1
 Hardware stack levels required when called:    3
 This function calls:
		Nothing
 This function is called by:
		_SYSTEM_Initialize
 This function uses a non-reentrant model


 *************** function _EUSART1_Initialize *****************
 Defined at:
		line 72 in file "mcc_generated_files/eusart1.c"
 Parameters:    Size  Location     Type
		None
 Auto vars:     Size  Location     Type
		None
 Return value:  Size  Location     Type
                  1    wreg      void 
 Registers used:
		wreg, status,2
 Tracked objects:
		On entry : 
		On exit  : 
		Unchanged: 
 Data sizes:     COMRAM   BANK0   BANK1   BANK2   BANK3   BANK4   BANK5   BANK6   BANK7   BANK8   BANK9  BANK10  BANK11  BANK12  BANK13  BANK14
      Params:         0       0       0       0       0       0       0       0       0       0       0       0       0       0       0       0
      Locals:         0       0       0       0       0       0       0       0       0       0       0       0       0       0       0       0
      Temps:          0       0       0       0       0       0       0       0       0       0       0       0       0       0       0       0
      Totals:         0       0       0       0       0       0       0       0       0       0       0       0       0       0       0       0
Total ram usage:        0 bytes
 Hardware stack levels used:    1
 Hardware stack levels required when called:    3
 This function calls:
		Nothing
 This function is called by:
		_SYSTEM_Initialize
 This function uses a non-reentrant model


 *************** function _CAN_transmit *****************
 Defined at:
		line 158 in file "mcc_generated_files/ecan.c"
 Parameters:    Size  Location     Type
  tempCanMsg      2   36[COMRAM] PTR struct .
		 -> main@gpsMSG(2), 
 Auto vars:     Size  Location     Type
  tempSIDL        1   42[COMRAM] unsigned char 
  tempSIDH        1   41[COMRAM] unsigned char 
  tempEIDL        1   40[COMRAM] unsigned char 
  tempEIDH        1   39[COMRAM] unsigned char 
  returnValue     1   38[COMRAM] unsigned char 
 Return value:  Size  Location     Type
                  1    wreg      unsigned char 
 Registers used:
		wreg, fsr2l, fsr2h, status,2, status,0, cstack
 Tracked objects:
		On entry : 
		On exit  : 
		Unchanged: 
 Data sizes:     COMRAM   BANK0   BANK1   BANK2   BANK3   BANK4   BANK5   BANK6   BANK7   BANK8   BANK9  BANK10  BANK11  BANK12  BANK13  BANK14
      Params:         2       0       0       0       0       0       0       0       0       0       0       0       0       0       0       0
      Locals:         5       0       0       0       0       0       0       0       0       0       0       0       0       0       0       0
      Temps:          0       0       0       0       0       0       0       0       0       0       0       0       0       0       0       0
      Totals:         7       0       0       0       0       0       0       0       0       0       0       0       0       0       0       0
Total ram usage:        7 bytes
 Hardware stack levels used:    1
 Hardware stack levels required when called:    4
 This function calls:
		_convertCANid2Reg
 This function is called by:
		_main
 This function uses a non-reentrant model


 *************** function _convertCANid2Reg *****************
 Defined at:
		line 401 in file "mcc_generated_files/ecan.c"
 Parameters:    Size  Location     Type
  tempPassedIn    4   18[COMRAM] unsigned long 
  canIdType       1   22[COMRAM] unsigned char 
  passedInEIDH    2   23[COMRAM] PTR unsigned char 
		 -> CAN_transmit@tempEIDH(1), 
  passedInEIDL    2   25[COMRAM] PTR unsigned char 
		 -> CAN_transmit@tempEIDL(1), 
  passedInSIDH    2   27[COMRAM] PTR unsigned char 
		 -> CAN_transmit@tempSIDH(1), 
  passedInSIDL    2   29[COMRAM] PTR unsigned char 
		 -> CAN_transmit@tempSIDL(1), 
 Auto vars:     Size  Location     Type
  wipSIDL         1   35[COMRAM] unsigned char 
 Return value:  Size  Location     Type
                  1    wreg      void 
 Registers used:
		wreg, fsr2l, fsr2h, status,2, status,0
 Tracked objects:
		On entry : 
		On exit  : 
		Unchanged: 
 Data sizes:     COMRAM   BANK0   BANK1   BANK2   BANK3   BANK4   BANK5   BANK6   BANK7   BANK8   BANK9  BANK10  BANK11  BANK12  BANK13  BANK14
      Params:        13       0       0       0       0       0       0       0       0       0       0       0       0       0       0       0
      Locals:         1       0       0       0       0       0       0       0       0       0       0       0       0       0       0       0
      Temps:          4       0       0       0       0       0       0       0       0       0       0       0       0       0       0       0
      Totals:        18       0       0       0       0       0       0       0       0       0       0       0       0       0       0       0
Total ram usage:       18 bytes
 Hardware stack levels used:    1
 Hardware stack levels required when called:    3
 This function calls:
		Nothing
 This function is called by:
		_CAN_transmit
 This function uses a non-reentrant model


 *************** function _INTERRUPT_InterruptManager *****************
 Defined at:
		line 57 in file "mcc_generated_files/interrupt_manager.c"
 Parameters:    Size  Location     Type
		None
 Auto vars:     Size  Location     Type
		None
 Return value:  Size  Location     Type
                  1    wreg      void 
 Registers used:
		wreg, fsr2l, fsr2h, status,2, status,0, pclath, tosl, prodl, prodh, cstack
 Tracked objects:
		On entry : 
		On exit  : 
		Unchanged: 
 Data sizes:     COMRAM   BANK0   BANK1   BANK2   BANK3   BANK4   BANK5   BANK6   BANK7   BANK8   BANK9  BANK10  BANK11  BANK12  BANK13  BANK14
      Params:         0       0       0       0       0       0       0       0       0       0       0       0       0       0       0       0
      Locals:         0       0       0       0       0       0       0       0       0       0       0       0       0       0       0       0
      Temps:         18       0       0       0       0       0       0       0       0       0       0       0       0       0       0       0
      Totals:        18       0       0       0       0       0       0       0       0       0       0       0       0       0       0       0
Total ram usage:       18 bytes
 Hardware stack levels used:    1
 Hardware stack levels required when called:    2
 This function calls:
		_ECAN_ISR_ECAN_TXB0I
		_EUSART1_Receive_ISR
		_EUSART1_Transmit_ISR
		_TMR0_ISR
 This function is called by:
		Interrupt level 2
 This function uses a non-reentrant model


 *************** function _TMR0_ISR *****************
 Defined at:
		line 128 in file "mcc_generated_files/tmr0.c"
 Parameters:    Size  Location     Type
		None
 Auto vars:     Size  Location     Type
		None
 Return value:  Size  Location     Type
                  1    wreg      void 
 Registers used:
		wreg, status,2, status,0, pclath, tosl, cstack
 Tracked objects:
		On entry : 
		On exit  : 
		Unchanged: 
 Data sizes:     COMRAM   BANK0   BANK1   BANK2   BANK3   BANK4   BANK5   BANK6   BANK7   BANK8   BANK9  BANK10  BANK11  BANK12  BANK13  BANK14
      Params:         0       0       0       0       0       0       0       0       0       0       0       0       0       0       0       0
      Locals:         0       0       0       0       0       0       0       0       0       0       0       0       0       0       0       0
      Temps:          0       0       0       0       0       0       0       0       0       0       0       0       0       0       0       0
      Totals:         0       0       0       0       0       0       0       0       0       0       0       0       0       0       0       0
Total ram usage:        0 bytes
 Hardware stack levels used:    1
 Hardware stack levels required when called:    1
 This function calls:
		Absolute function
		_TMR0_DefaultInterruptHandler
 This function is called by:
		_INTERRUPT_InterruptManager
 This function uses a non-reentrant model


 *************** function _TMR0_DefaultInterruptHandler *****************
 Defined at:
		line 150 in file "mcc_generated_files/tmr0.c"
 Parameters:    Size  Location     Type
		None
 Auto vars:     Size  Location     Type
		None
 Return value:  Size  Location     Type
                  1    wreg      void 
 Registers used:
		None
 Tracked objects:
		On entry : 
		On exit  : 
		Unchanged: 
 Data sizes:     COMRAM   BANK0   BANK1   BANK2   BANK3   BANK4   BANK5   BANK6   BANK7   BANK8   BANK9  BANK10  BANK11  BANK12  BANK13  BANK14
      Params:         0       0       0       0       0       0       0       0       0       0       0       0       0       0       0       0
      Locals:         0       0       0       0       0       0       0       0       0       0       0       0       0       0       0       0
      Temps:          0       0       0       0       0       0       0       0       0       0       0       0       0       0       0       0
      Totals:         0       0       0       0       0       0       0       0       0       0       0       0       0       0       0       0
Total ram usage:        0 bytes
 Hardware stack levels used:    1
 This function calls:
		Nothing
 This function is called by:
		_TMR0_Initialize
		_TMR0_ISR
 This function uses a non-reentrant model


 *************** function _EUSART1_Transmit_ISR *****************
 Defined at:
		line 161 in file "mcc_generated_files/eusart1.c"
 Parameters:    Size  Location     Type
		None
 Auto vars:     Size  Location     Type
		None
 Return value:  Size  Location     Type
                  1    wreg      void 
 Registers used:
		wreg, fsr2l, fsr2h, status,2, status,0, prodl, prodh
 Tracked objects:
		On entry : 
		On exit  : 
		Unchanged: 
 Data sizes:     COMRAM   BANK0   BANK1   BANK2   BANK3   BANK4   BANK5   BANK6   BANK7   BANK8   BANK9  BANK10  BANK11  BANK12  BANK13  BANK14
      Params:         0       0       0       0       0       0       0       0       0       0       0       0       0       0       0       0
      Locals:         0       0       0       0       0       0       0       0       0       0       0       0       0       0       0       0
      Temps:          0       0       0       0       0       0       0       0       0       0       0       0       0       0       0       0
      Totals:         0       0       0       0       0       0       0       0       0       0       0       0       0       0       0       0
Total ram usage:        0 bytes
 Hardware stack levels used:    1
 This function calls:
		Nothing
 This function is called by:
		_INTERRUPT_InterruptManager
 This function uses a non-reentrant model


 *************** function _EUSART1_Receive_ISR *****************
 Defined at:
		line 180 in file "mcc_generated_files/eusart1.c"
 Parameters:    Size  Location     Type
		None
 Auto vars:     Size  Location     Type
		None
 Return value:  Size  Location     Type
                  1    wreg      void 
 Registers used:
		wreg, fsr2l, fsr2h, status,2, status,0, prodl, prodh
 Tracked objects:
		On entry : 
		On exit  : 
		Unchanged: 
 Data sizes:     COMRAM   BANK0   BANK1   BANK2   BANK3   BANK4   BANK5   BANK6   BANK7   BANK8   BANK9  BANK10  BANK11  BANK12  BANK13  BANK14
      Params:         0       0       0       0       0       0       0       0       0       0       0       0       0       0       0       0
      Locals:         0       0       0       0       0       0       0       0       0       0       0       0       0       0       0       0
      Temps:          0       0       0       0       0       0       0       0       0       0       0       0       0       0       0       0
      Totals:         0       0       0       0       0       0       0       0       0       0       0       0       0       0       0       0
Total ram usage:        0 bytes
 Hardware stack levels used:    1
 This function calls:
		Nothing
 This function is called by:
		_INTERRUPT_InterruptManager
 This function uses a non-reentrant model


 *************** function _ECAN_ISR_ECAN_TXB0I *****************
 Defined at:
		line 59 in file "mcc_generated_files/ecan.c"
 Parameters:    Size  Location     Type
		None
 Auto vars:     Size  Location     Type
		None
 Return value:  Size  Location     Type
                  1    wreg      void 
 Registers used:
		None
 Tracked objects:
		On entry : 
		On exit  : 
		Unchanged: 
 Data sizes:     COMRAM   BANK0   BANK1   BANK2   BANK3   BANK4   BANK5   BANK6   BANK7   BANK8   BANK9  BANK10  BANK11  BANK12  BANK13  BANK14
      Params:         0       0       0       0       0       0       0       0       0       0       0       0       0       0       0       0
      Locals:         0       0       0       0       0       0       0       0       0       0       0       0       0       0       0       0
      Temps:          0       0       0       0       0       0       0       0       0       0       0       0       0       0       0       0
      Totals:         0       0       0       0       0       0       0       0       0       0       0       0       0       0       0       0
Total ram usage:        0 bytes
 Hardware stack levels used:    1
 This function calls:
		Nothing
 This function is called by:
		_INTERRUPT_InterruptManager
 This function uses a non-reentrant model



MODULE INFORMATION

Module		Function		Class		Link	Load	Size
/opt/microchip/xc8/v1.45/sources/common/isupper.c
		_isupper       		CODE           	2A18	0000	31

/opt/microchip/xc8/v1.45/sources/common/isupper.c estimated size: 31

/opt/microchip/xc8/v1.45/sources/common/ftneg.c
		___ftneg       		CODE           	29AE	0000	37

/opt/microchip/xc8/v1.45/sources/common/ftneg.c estimated size: 37

/opt/microchip/xc8/v1.45/sources/common/atof.c
		_atof          		CODE           	298A	0000	37
		_strtod        		CODE           	13FC	0000	1001

/opt/microchip/xc8/v1.45/sources/common/atof.c estimated size: 1038

/opt/microchip/xc8/v1.45/sources/common/Umul32.c
		___lmul        		CODE           	2688	0000	87

/opt/microchip/xc8/v1.45/sources/common/Umul32.c estimated size: 87

mcc_generated_files/interrupt_manager.c
		_INTERRUPT_Initialize		CODE           	2A9E	0000	5
		_INTERRUPT_InterruptManager		CODE           	0008	0000	201

mcc_generated_files/interrupt_manager.c estimated size: 206

mcc_generated_files/tmr0.c
		_TMR0_SetInterruptHandler		CODE           	2A94	0000	11
		_TMR0_DefaultInterruptHandler		CODE           	2AA6	0000	3
		_TMR0_ISR      		CODE           	29D2	0000	37
		_TMR0_Initialize		CODE           	29F6	0000	35

mcc_generated_files/tmr0.c estimated size: 86

/opt/microchip/xc8/v1.45/sources/common/attoft.c
		___attoft      		CODE           	27F4	0000	63

/opt/microchip/xc8/v1.45/sources/common/attoft.c estimated size: 63

/opt/microchip/xc8/v1.45/sources/common/ftge.c
		___ftge        		CODE           	23D0	0000	145

/opt/microchip/xc8/v1.45/sources/common/ftge.c estimated size: 145

/opt/microchip/xc8/v1.45/sources/common/isalpha.c
		_isalpha       		CODE           	2914	0000	41

/opt/microchip/xc8/v1.45/sources/common/isalpha.c estimated size: 41

mcc_generated_files/pin_manager.c
		_PIN_MANAGER_Initialize		CODE           	293C	0000	41

mcc_generated_files/pin_manager.c estimated size: 41

/opt/microchip/xc8/v1.45/sources/common/isspace.c
		_isspace       		CODE           	2964	0000	39

/opt/microchip/xc8/v1.45/sources/common/isspace.c estimated size: 39

/opt/microchip/xc8/v1.45/sources/common/float.c
		___ftpack      		CODE           	2322	0000	175

/opt/microchip/xc8/v1.45/sources/common/float.c estimated size: 175

/opt/microchip/xc8/v1.45/sources/common/strlen.c
		_strlen        		CODE           	27B4	0000	65

/opt/microchip/xc8/v1.45/sources/common/strlen.c estimated size: 65

/opt/microchip/xc8/v1.45/sources/common/strcmp.c
		_strcmp        		CODE           	25BE	0000	107

/opt/microchip/xc8/v1.45/sources/common/strcmp.c estimated size: 107

/opt/microchip/xc8/v1.45/sources/common/altoft.c
		___altoft      		CODE           	2460	0000	121

/opt/microchip/xc8/v1.45/sources/common/altoft.c estimated size: 121

/opt/microchip/xc8/v1.45/sources/common/memset.c
		_memset        		CODE           	2894	0000	45

/opt/microchip/xc8/v1.45/sources/common/memset.c estimated size: 45

/opt/microchip/xc8/v1.45/sources/common/ftmul.c
		___ftmul       		CODE           	2148	0000	245

/opt/microchip/xc8/v1.45/sources/common/ftmul.c estimated size: 245

/opt/microchip/xc8/v1.45/sources/common/ftdiv.c
		___ftdiv       		CODE           	223C	0000	231

/opt/microchip/xc8/v1.45/sources/common/ftdiv.c estimated size: 231

mcc_generated_files/ecan.c
		_ECAN_ISR_ECAN_TXB0I		CODE           	2AA2	0000	5
		_CAN_transmit  		CODE           	17E4	0000	767
		_convertCANid2Reg		CODE           	1EB6	0000	415

mcc_generated_files/ecan.c estimated size: 1187

/opt/microchip/xc8/v1.45/sources/common/isdigit.c
		_isdigit       		CODE           	2A36	0000	31

/opt/microchip/xc8/v1.45/sources/common/isdigit.c estimated size: 31

shared
		__initialization		CODE           	2772	0000	57

shared estimated size: 57

mcc_generated_files/eusart1.c
		_EUSART1_Initialize		CODE           	2832	0000	53
		_EUSART1_Read  		CODE           	26DE	0000	81
		_EUSART1_Receive_ISR		CODE           	28C0	0000	45
		_EUSART1_Transmit_ISR		CODE           	2866	0000	47

mcc_generated_files/eusart1.c estimated size: 226

mcc_generated_files/mcc.c
		_OSCILLATOR_Initialize		CODE           	2A82	0000	19
		_SYSTEM_Initialize		CODE           	2A6C	0000	23

mcc_generated_files/mcc.c estimated size: 42

/opt/microchip/xc8/v1.45/sources/common/fttol.c
		___fttol       		CODE           	2054	0000	245

/opt/microchip/xc8/v1.45/sources/common/fttol.c estimated size: 245

/opt/microchip/xc8/v1.45/sources/common/memcpy.c
		_memcpy        		CODE           	272E	0000	69

/opt/microchip/xc8/v1.45/sources/common/memcpy.c estimated size: 69

/opt/microchip/xc8/v1.45/sources/common/isalnum.c
		_isalnum       		CODE           	28EC	0000	41

/opt/microchip/xc8/v1.45/sources/common/isalnum.c estimated size: 41

/opt/microchip/xc8/v1.45/sources/common/ftadd.c
		___ftadd       		CODE           	1D0A	0000	429

/opt/microchip/xc8/v1.45/sources/common/ftadd.c estimated size: 429

/opt/microchip/xc8/v1.45/sources/common/modf.c
		_modf          		CODE           	24D8	0000	119

/opt/microchip/xc8/v1.45/sources/common/modf.c estimated size: 119

main.c
		_main          		CODE           	0F0A	0000	1267
		_cvtGPStoDecimal		CODE           	1AE2	0000	553
		_getString     		CODE           	2628	0000	97
		_fillString    		CODE           	254E	0000	113

main.c estimated size: 2030

